2023-06-11 23:36:05.784  1776-2602  ActivityTaskManager     system_server                        I  START u0 {cmp=com.android.todolist/.ListActivity (has extras)} from uid 10363 from pid 15578 callingPackage com.android.todolist
2023-06-11 23:36:05.811  1776-2602  ActivityTaskManager     system_server                        I  The Process com.android.todolist Already Exists in BG. So sending its PID: 15578
2023-06-11 23:36:05.817  1776-2450  ProcessManager          system_server                        D  skip notify foregroundAppInfo:ApplicationInfo{e8e4bd2 com.android.todolist}
2023-06-11 23:36:05.838 15578-15578 IS_CTS_MODE             com.android.todolist                 D  false
2023-06-11 23:36:05.838 15578-15578 MULTI_WIND...CH_ENABLED com.android.todolist                 D  false
2023-06-11 23:36:05.839 15578-15578 DecorView[]             com.android.todolist                 D  getWindowModeFromSystem  windowmode is 1
2023-06-11 23:36:05.868  3048-3048  RecentsImpl             com.miui.home                        D  mActivityStateObserver com.android.todolist.ListActivity
2023-06-11 23:36:05.869  3048-3048  RecentsImpl             com.miui.home                        W  onResumed className=com.android.todolist.ListActivity   mIsInAnotherPro=false   isKeyguardLocked=false
2023-06-11 23:36:05.878  1776-1821  WindowManager           system_server                        D  Input focus has changed to Window{c19d51b u0 com.android.todolist/com.android.todolist.ListActivity} display=0 updateInputWindows = true
2023-06-11 23:36:05.890  1776-1821  WindowManager           system_server                        D  finishDrawingLocked: mDrawState=COMMIT_DRAW_PENDING Window{c19d51b u0 com.android.todolist/com.android.todolist.ListActivity} in Surface(name=com.android.todolist/com.android.todolist.ListActivity)/@0x2df90cd
2023-06-11 23:36:05.891 15578-15578 DecorView[]             com.android.todolist                 D  onWindowFocusChanged hasWindowFocus false
2023-06-11 23:36:05.897  1776-1976  ActivityTaskManager     system_server                        I  Displayed com.android.todolist/.ListActivity: +113ms
2023-06-11 23:36:05.910 15578-15578 DecorView[]             com.android.todolist                 D  onWindowFocusChanged hasWindowFocus true
2023-06-11 23:36:05.913  4518-4518  GoogleInpu...hodService com...gle.android.inputmethod.latin  I  GoogleInputMethodService.onStartInput():1917 onStartInput(EditorInfo{inputType=0x0(NULL) imeOptions=0x0 privateImeOptions=null actionName=UNSPECIFIED actionLabel=null actionId=0 initialSelStart=-1 initialSelEnd=-1 initialCapsMode=0x0 hintText=null label=null packageName=com.android.todolist fieldId=-1 fieldName=null extras=null hintLocales=[]}, false)
2023-06-11 23:36:05.916  3048-3397  RecentsModel            com.miui.home                        W  getRunningTask   taskInfo=TaskInfo{userId=0 taskId=21397 displayId=0 isRunning=true baseIntent=Intent { act=android.intent.action.MAIN cat=[android.intent.category.LAUNCHER] flg=0x10200000 cmp=com.android.todolist/.MainActivity } baseActivity=ComponentInfo{com.android.todolist/com.android.todolist.MainActivity} topActivity=ComponentInfo{com.android.todolist/com.android.todolist.ListActivity} origActivity=null realActivity=ComponentInfo{com.android.todolist/com.android.todolist.MainActivity} numActivities=2 lastActiveTime=88525685 supportsSplitScreenMultiWindow=true supportsMultiWindow=true resizeMode=1 isResizeable=true token=WCT{android.window.IWindowContainerToken$Stub$Proxy@2457ae8} topActivityType=1 pictureInPictureParams=PictureInPictureParams( aspectRatio=null sourceRectHint=null hasSetActions=false isAutoPipEnabled=false isSeamlessResizeEnabled=true) displayCutoutSafeInsets=Rect(0, 49 - 0, 0) topActivityInfo=ActivityInfo{a783501 com.android.todolist.ListActivity} launchCookies=[] positionInParent=Point(0, 0) parentTaskId=-1 isFocused=true isVisible=true topActivityInSizeCompat=false locusId= null windowMode=0}
2023-06-11 23:36:05.916  3048-3397  RecentsModel            com.miui.home                        W  getTaskInfoIgnoreHomeAndFreeform   taskInfo=ComponentInfo{com.android.todolist/com.android.todolist.MainActivity}
2023-06-11 23:36:05.917  3048-3397  ActivityManagerWrapper  com.miui.home                        E  getRecentTasks: taskId=21397   userId=0   baseIntent=Intent { act=android.intent.action.MAIN cat=[android.intent.category.LAUNCHER] flg=0x10200000 cmp=com.android.todolist/.MainActivity }
2023-06-11 23:36:05.917  3048-3397  ActivityManagerWrapper  com.miui.home                        E  getRecentTasks: taskId=21398   userId=0   baseIntent=Intent { act=android.settings.APPLICATION_DETAILS_SETTINGS dat=package:com.android.todolist flg=0x10008000 cmp=com.android.settings/.applications.InstalledAppDetails }
2023-06-11 23:36:06.386  1776-1980  WindowManager           system_server                        D  shouldDeferAnimationFinish ActivityRecord{9804921 u0 com.android.todolist/.ListActivity t21397}, anim = com.android.server.wm.LocalAnimationAdapter@b163b0b
2023-06-11 23:36:07.808  1776-2602  NotificationService     system_server                        W  Toast already killed. pkg=com.android.todolist token=android.os.BinderProxy@b3b3b30
2023-06-11 23:36:08.012  1776-2368  MIUIInput               system_server                        D  [MotionEvent] publisher action=0x0, 70950330, channel 'c19d51b com.android.todolist/com.android.todolist.ListActivity (server)'
2023-06-11 23:36:08.057  1776-2368  MIUIInput               system_server                        D  [MotionEvent] publisher action=0x1, 70950377, channel 'c19d51b com.android.todolist/com.android.todolist.ListActivity (server)'
2023-06-11 23:36:08.104 15578-15578 InputMethodManager      com.android.todolist                 D  showSoftInput() view=androidx.appcompat.widget.AppCompatEditText{acb73c2 VFED..CL. .F....I. 0,0-0,0 #7f08009d app:id/newItem aid=1073741824} flags=1 reason=SHOW_SOFT_INPUT
2023-06-11 23:36:08.108  4518-4518  GoogleInpu...hodService com...gle.android.inputmethod.latin  I  GoogleInputMethodService.onStartInput():1917 onStartInput(EditorInfo{inputType=0x61(PersonName) imeOptions=0x6 privateImeOptions=null actionName=DONE actionLabel=null actionId=0 initialSelStart=0 initialSelEnd=0 initialCapsMode=0x0 hintText=non-empty label=null packageName=com.android.todolist fieldId=2131230877 fieldName=null extras=null hintLocales=[]}, false)
2023-06-11 23:36:08.153  4518-4518  GoogleInpu...hodService com...gle.android.inputmethod.latin  I  GoogleInputMethodService.onStartInputView():2046 onStartInputView(EditorInfo{inputType=0x61(PersonName) imeOptions=0x6 privateImeOptions=null actionName=DONE actionLabel=null actionId=0 initialSelStart=0 initialSelEnd=0 initialCapsMode=0x0 hintText=non-empty label=null packageName=com.android.todolist fieldId=2131230877 fieldName=null extras=null hintLocales=[]}, false)
2023-06-11 23:36:08.158  4518-4518  AndroidIME              com...gle.android.inputmethod.latin  I  AbstractIme.onActivate():87 LatinIme.onActivate() : EditorInfo = inputType=0x61(PersonName) imeOptions=0x6 privateImeOptions=null actionName=DONE actionLabel=null actionId=0 initialSelStart=0 initialSelEnd=0 initialCapsMode=0x0 hintText=non-empty label=null packageName=com.android.todolist fieldId=2131230877 fieldName=null extras=null hintLocales=[], IncognitoMode = false, DeviceLocked = false
2023-06-11 23:36:08.165 15578-15578 ndroid.todolis          com.android.todolist                 E  Invalid ID 0x00000000.
2023-06-11 23:36:08.167 15578-15578 AssistStructure         com.android.todolist                 I  Flattened final assist data: 1520 bytes, containing 1 windows, 10 views
2023-06-11 23:36:08.242 15578-15578 InsetsController        com.android.todolist                 D  show(ime(), fromIme=true)
2023-06-11 23:36:08.265  3263-23512 tul                     com.google.android.gms.persistent    W  Infinite Data has no result for com.android.todolist [CONTEXT service_id=177 ]
2023-06-11 23:36:08.269  3263-24105 tul                     com.google.android.gms.persistent    W  Infinite Data has no result for com.android.todolist [CONTEXT service_id=177 ]
2023-06-11 23:36:11.183  4518-4518  GoogleInpu...hodService com...gle.android.inputmethod.latin  I  GoogleInputMethodService.onStartInput():1917 onStartInput(EditorInfo{inputType=0x0(NULL) imeOptions=0x0 privateImeOptions=null actionName=UNSPECIFIED actionLabel=null actionId=0 initialSelStart=-1 initialSelEnd=-1 initialCapsMode=0x0 hintText=null label=null packageName=com.android.todolist fieldId=2131230904 fieldName=null extras=null hintLocales=[]}, false)
2023-06-11 23:36:11.188  4518-4518  GoogleInpu...hodService com...gle.android.inputmethod.latin  I  GoogleInputMethodService.onStartInputView():2046 onStartInputView(EditorInfo{inputType=0x0(NULL) imeOptions=0x0 privateImeOptions=null actionName=UNSPECIFIED actionLabel=null actionId=0 initialSelStart=-1 initialSelEnd=-1 initialCapsMode=0x0 hintText=null label=null packageName=com.android.todolist fieldId=2131230904 fieldName=null extras=null hintLocales=[]}, false)
2023-06-11 23:36:11.193  4518-4518  AndroidIME              com...gle.android.inputmethod.latin  I  AbstractIme.onActivate():87 PasswordIme.onActivate() : EditorInfo = inputType=0x0(NULL) imeOptions=0x0 privateImeOptions=null actionName=UNSPECIFIED actionLabel=null actionId=0 initialSelStart=-1 initialSelEnd=-1 initialCapsMode=0x0 hintText=null label=null packageName=com.android.todolist fieldId=2131230904 fieldName=null extras=null hintLocales=[], IncognitoMode = false, DeviceLocked = false
2023-06-11 23:36:11.248 15578-15578 InsetsController        com.android.todolist                 D  show(ime(), fromIme=true)
2023-06-11 23:36:11.838  1776-3302  WindowManager           system_server                        I  getCurrentTopActivityName >>> topActivityClassName = com.android.todolist.ListActivity
2023-06-11 23:36:11.847  1776-2368  MIUIInput               system_server                        D  [KeyEvent] publisher action:0x0,  keyCode:4 , 70954152,channel 'c19d51b com.android.todolist/com.android.todolist.ListActivity (server)' 
2023-06-11 23:36:11.857 15578-15578 MIUIInput               com.android.todolist                 D  [KeyEvent] ViewRootImpl windowName 'com.android.todolist/com.android.todolist.ListActivity', KeyEvent { action=ACTION_DOWN, keyCode=KEYCODE_BACK, scanCode=0, metaState=0, flags=0x48, repeatCount=0, eventTime=70954152, downTime=70954152, deviceId=-1, source=0x101, displayId=0 }, phoneEventTime=23:36:11.831
2023-06-11 23:36:11.930  1776-3302  WindowManager           system_server                        I  getCurrentTopActivityName >>> topActivityClassName = com.android.todolist.ListActivity
2023-06-11 23:36:11.932  1776-2368  MIUIInput               system_server                        D  [KeyEvent] publisher action:0x1,  keyCode:4 , 70954246,channel 'c19d51b com.android.todolist/com.android.todolist.ListActivity (server)' 
2023-06-11 23:36:11.941 15578-15578 MIUIInput               com.android.todolist                 D  [KeyEvent] ViewRootImpl windowName 'com.android.todolist/com.android.todolist.ListActivity', KeyEvent { action=ACTION_UP, keyCode=KEYCODE_BACK, scanCode=0, metaState=0, flags=0x48, repeatCount=0, eventTime=70954246, downTime=70954152, deviceId=-1, source=0x101, displayId=0 }, phoneEventTime=23:36:11.925
2023-06-11 23:36:12.470  1776-3176  WindowManager           system_server                        I  getCurrentTopActivityName >>> topActivityClassName = com.android.todolist.ListActivity
2023-06-11 23:36:12.478  1776-2368  MIUIInput               system_server                        D  [KeyEvent] publisher action:0x0,  keyCode:4 , 70954785,channel 'c19d51b com.android.todolist/com.android.todolist.ListActivity (server)' 
2023-06-11 23:36:12.490 15578-15578 MIUIInput               com.android.todolist                 D  [KeyEvent] ViewRootImpl windowName 'com.android.todolist/com.android.todolist.ListActivity', KeyEvent { action=ACTION_DOWN, keyCode=KEYCODE_BACK, scanCode=0, metaState=0, flags=0x48, repeatCount=0, eventTime=70954785, downTime=70954785, deviceId=-1, source=0x101, displayId=0 }, phoneEventTime=23:36:12.464
2023-06-11 23:36:12.552  1776-3176  WindowManager           system_server                        I  getCurrentTopActivityName >>> topActivityClassName = com.android.todolist.ListActivity
2023-06-11 23:36:12.554  1776-2368  MIUIInput               system_server                        D  [KeyEvent] publisher action:0x1,  keyCode:4 , 70954866,channel 'c19d51b com.android.todolist/com.android.todolist.ListActivity (server)' 
2023-06-11 23:36:12.562 15578-15578 MIUIInput               com.android.todolist                 D  [KeyEvent] ViewRootImpl windowName 'com.android.todolist/com.android.todolist.ListActivity', KeyEvent { action=ACTION_UP, keyCode=KEYCODE_BACK, scanCode=0, metaState=0, flags=0x48, repeatCount=0, eventTime=70954866, downTime=70954785, deviceId=-1, source=0x101, displayId=0 }, phoneEventTime=23:36:12.546
2023-06-11 23:36:12.612  1776-2450  ProcessManager          system_server                        D  skip notify foregroundAppInfo:ApplicationInfo{354d250 com.android.todolist}
2023-06-11 23:36:12.617  3048-3048  RecentsImpl             com.miui.home                        D  mActivityStateObserver com.android.todolist.MainActivity
2023-06-11 23:36:12.617  3048-3048  RecentsImpl             com.miui.home                        W  onResumed className=com.android.todolist.MainActivity   mIsInAnotherPro=false   isKeyguardLocked=false
2023-06-11 23:36:12.625  1776-3176  WindowManager           system_server                        D  Input focus has changed to Window{de64380 u0 com.android.todolist/com.android.todolist.MainActivity} display=0 updateInputWindows = true
2023-06-11 23:36:12.634 15578-15578 DecorView[]             com.android.todolist                 D  onWindowFocusChanged hasWindowFocus false
2023-06-11 23:36:12.634  1776-3176  WindowManager           system_server                        D  finishDrawingLocked: mDrawState=COMMIT_DRAW_PENDING Window{de64380 u0 com.android.todolist/com.android.todolist.MainActivity} in Surface(name=com.android.todolist/com.android.todolist.MainActivity)/@0x4066abd
2023-06-11 23:36:12.655 15578-15578 DecorView[]             com.android.todolist                 D  onWindowFocusChanged hasWindowFocus true
2023-06-11 23:36:12.659  4518-4518  GoogleInpu...hodService com...gle.android.inputmethod.latin  I  GoogleInputMethodService.onStartInput():1917 onStartInput(EditorInfo{inputType=0x0(NULL) imeOptions=0x0 privateImeOptions=null actionName=UNSPECIFIED actionLabel=null actionId=0 initialSelStart=-1 initialSelEnd=-1 initialCapsMode=0x0 hintText=null label=null packageName=com.android.todolist fieldId=-1 fieldName=null extras=null hintLocales=[]}, false)
2023-06-11 23:36:12.711  3048-3397  RecentsModel            com.miui.home                        W  getRunningTask   taskInfo=TaskInfo{userId=0 taskId=21397 displayId=0 isRunning=true baseIntent=Intent { act=android.intent.action.MAIN cat=[android.intent.category.LAUNCHER] flg=0x10200000 cmp=com.android.todolist/.MainActivity } baseActivity=ComponentInfo{com.android.todolist/com.android.todolist.MainActivity} topActivity=ComponentInfo{com.android.todolist/com.android.todolist.MainActivity} origActivity=null realActivity=ComponentInfo{com.android.todolist/com.android.todolist.MainActivity} numActivities=1 lastActiveTime=88532480 supportsSplitScreenMultiWindow=true supportsMultiWindow=true resizeMode=1 isResizeable=true token=WCT{android.window.IWindowContainerToken$Stub$Proxy@51b0fa6} topActivityType=1 pictureInPictureParams=PictureInPictureParams( aspectRatio=null sourceRectHint=null hasSetActions=false isAutoPipEnabled=false isSeamlessResizeEnabled=true) displayCutoutSafeInsets=Rect(0, 49 - 0, 0) topActivityInfo=ActivityInfo{bae6de7 com.android.todolist.MainActivity} launchCookies=[] positionInParent=Point(0, 0) parentTaskId=-1 isFocused=true isVisible=true topActivityInSizeCompat=false locusId= null windowMode=0}
2023-06-11 23:36:12.711  3048-3397  RecentsModel            com.miui.home                        W  getTaskInfoIgnoreHomeAndFreeform   taskInfo=ComponentInfo{com.android.todolist/com.android.todolist.MainActivity}
2023-06-11 23:36:12.712  3048-3397  ActivityManagerWrapper  com.miui.home                        E  getRecentTasks: taskId=21397   userId=0   baseIntent=Intent { act=android.intent.action.MAIN cat=[android.intent.category.LAUNCHER] flg=0x10200000 cmp=com.android.todolist/.MainActivity }
2023-06-11 23:36:12.712  3048-3397  ActivityManagerWrapper  com.miui.home                        E  getRecentTasks: taskId=21398   userId=0   baseIntent=Intent { act=android.settings.APPLICATION_DETAILS_SETTINGS dat=package:com.android.todolist flg=0x10008000 cmp=com.android.settings/.applications.InstalledAppDetails }
2023-06-11 23:36:13.136  1776-1980  WindowManager           system_server                        D  shouldDeferAnimationFinish ActivityRecord{9804921 u0 com.android.todolist/.ListActivity t21397 f}}, anim = com.android.server.wm.LocalAnimationAdapter@d8c7d2d
2023-06-11 23:36:13.159  1776-3302  InputManager-JNI        system_server                        W  Input channel object 'c19d51b com.android.todolist/com.android.todolist.ListActivity (client)' was disposed without first being removed with the input manager!
2023-06-11 23:36:26.157 30011-30121 test##>>                com.miui.securitycenter.remote       D  com.google.android.youtube=31144-2136.9750017680553-0
                                                                                                    org.telegram.messenger=10965-674.4231068497222-0
                                                                                                    com.viber.voip=1472-83.44021615666668-0
                                                                                                    com.android.todolist=535-8.52253980111111-1
                                                                                                    com.gateio.gateio=2087-127.58710485138889-0
                                                                                                    com.miui.gallery=70-4.808220597222222-0
                                                                                                    com.miui.securitycenter=103-3.1266273244444442-0
                                                                                                    by.a1.selfcare=59-0.5025963786111112-0
                                                                                                    ru.aliexpress.buyer=84-5.828627950833334-0
                                                                                                    com.instagram.android=701-47.4630568225-0
                                                                                                    com.google.android.dialer=8662-163.01825581805556-0
                                                                                                    com.android.camera=81-5.549149797222222-0
                                                                                                    com.android.chrome=5525-214.52902999805556-0
                                                                                                    com.miui.calculator=100-6.9814537275-0
                                                                                                    ru.zenmoney.androidsub=62-4.348260285833335-0
                                                                                                    com.radio.helloworld=137-8.590203775277777-0
                                                                                                    com.android.settings=643-22.919673523055554-0
                                                                                                    se.scmv.belarus=47-3.254748764166667-0
                                                                                                    com.miui.screenshot=61-4.249817979166667-0
                                                                                                    com.android.deskclock=28-1.390968042777778-0
                                                                                                    com.miui.home=2330-110.50095745666665-0
                                                                                                    59212-64993
                                                                                                    3630.3590232002775-3643.4842275827787
                                                                                                    ------end
                                                                                                    ------error>>13.125204382501124
2023-06-11 23:36:42.531  2565-11113 ImageWallpaper          com.miui.miwallpaper                 D  Top packge name is com.android.todolist, home package name is com.miui.home
2023-06-11 23:36:43.017 15578-15578 DecorView[]             com.android.todolist                 D  onWindowFocusChanged hasWindowFocus false
2023-06-11 23:36:43.109  3048-3397  RecentsModel            com.miui.home                        W  getRunningTask   taskInfo=TaskInfo{userId=0 taskId=21397 displayId=0 isRunning=true baseIntent=Intent { act=android.intent.action.MAIN cat=[android.intent.category.LAUNCHER] flg=0x10200000 cmp=com.android.todolist/.MainActivity } baseActivity=ComponentInfo{com.android.todolist/com.android.todolist.MainActivity} topActivity=ComponentInfo{com.android.todolist/com.android.todolist.MainActivity} origActivity=null realActivity=ComponentInfo{com.android.todolist/com.android.todolist.MainActivity} numActivities=1 lastActiveTime=88562877 supportsSplitScreenMultiWindow=true supportsMultiWindow=true resizeMode=1 isResizeable=true token=WCT{android.window.IWindowContainerToken$Stub$Proxy@66b5d94} topActivityType=1 pictureInPictureParams=null displayCutoutSafeInsets=Rect(0, 49 - 0, 0) topActivityInfo=ActivityInfo{6b2203d com.android.todolist.MainActivity} launchCookies=[] positionInParent=Point(0, 0) parentTaskId=-1 isFocused=false isVisible=false topActivityInSizeCompat=false locusId= null windowMode=0}
2023-06-11 23:36:43.109  3048-3397  RecentsModel            com.miui.home                        W  getTaskInfoIgnoreHomeAndFreeform   taskInfo=ComponentInfo{com.android.todolist/com.android.todolist.MainActivity}
2023-06-11 23:36:43.114  3048-3397  ActivityManagerWrapper  com.miui.home                        E  getRecentTasks: taskId=21397   userId=0   baseIntent=Intent { act=android.intent.action.MAIN cat=[android.intent.category.LAUNCHER] flg=0x10200000 cmp=com.android.todolist/.MainActivity }
2023-06-11 23:36:43.114  3048-3397  ActivityManagerWrapper  com.miui.home                        E  getRecentTasks: taskId=21398   userId=0   baseIntent=Intent { act=android.settings.APPLICATION_DETAILS_SETTINGS dat=package:com.android.todolist flg=0x10008000 cmp=com.android.settings/.applications.InstalledAppDetails }
2023-06-11 23:36:43.640  8006-8139  ThermalInfoCollector    com.miui.powerkeeper                 I  collectForgroundAppsInfo: com.android.todolist
2023-06-11 23:36:54.363  1776-2369  WindowManager           system_server                        I  getCurrentTopActivityName >>> topActivityClassName = com.android.todolist.MainActivity
2023-06-11 23:36:54.364  1776-2369  WindowManager           system_server                        I  getCurrentTopActivityName >>> topActivityClassName = com.android.todolist.MainActivity
2023-06-11 23:36:54.445  1776-2450  CameraBooster           system_server                        I  skip camera boost for com.android.todolist
2023-06-11 23:36:54.473  1776-2369  WindowManager           system_server                        I  getCurrentTopActivityName >>> topActivityClassName = com.android.todolist.MainActivity
2023-06-11 23:36:54.473  1776-2369  WindowManager           system_server                        I  getCurrentTopActivityName >>> topActivityClassName = com.android.todolist.MainActivity
2023-06-11 23:36:55.634 15578-24150 AppScoutStateMachine    com.android.todolist                 D  15578-ScoutStateMachinecreated
2023-06-11 23:36:55.645  3048-3048  RecentsImpl             com.miui.home                        D  mActivityStateObserver com.android.todolist.MainActivity
2023-06-11 23:36:55.646  3048-3048  RecentsImpl             com.miui.home                        W  onResumed className=com.android.todolist.MainActivity   mIsInAnotherPro=false   isKeyguardLocked=true
2023-06-11 23:36:55.681  1776-3125  WindowManager           system_server                        D  finishDrawingLocked: mDrawState=COMMIT_DRAW_PENDING Window{de64380 u0 com.android.todolist/com.android.todolist.MainActivity} in Surface(name=com.android.todolist/com.android.todolist.MainActivity)/@0x2f5ad29
2023-06-11 23:36:55.727  3048-3048  RecentsImpl             com.miui.home                        W  getTopActivity from observer.   cn=ComponentInfo{com.android.todolist/com.android.todolist.MainActivity}
2023-06-11 23:36:55.728  3048-3048  RecentsImpl             com.miui.home                        W  adaptToTopActivity   cn=ComponentInfo{com.android.todolist/com.android.todolist.MainActivity}
2023-06-11 23:36:55.729  3048-3048  RecentsImpl             com.miui.home                        W  onResumed className=com.android.todolist.MainActivity   mIsInAnotherPro=false   isKeyguardLocked=false
2023-06-11 23:36:55.748  1776-4728  WindowManager           system_server                        D  Input focus has changed to Window{de64380 u0 com.android.todolist/com.android.todolist.MainActivity} display=0 updateInputWindows = true
2023-06-11 23:36:55.820 15578-15578 DecorView[]             com.android.todolist                 D  onWindowFocusChanged hasWindowFocus true
2023-06-11 23:36:55.831  4518-4518  GoogleInpu...hodService com...gle.android.inputmethod.latin  I  GoogleInputMethodService.onStartInput():1917 onStartInput(EditorInfo{inputType=0x0(NULL) imeOptions=0x0 privateImeOptions=null actionName=UNSPECIFIED actionLabel=null actionId=0 initialSelStart=-1 initialSelEnd=-1 initialCapsMode=0x0 hintText=null label=null packageName=com.android.todolist fieldId=-1 fieldName=null extras=null hintLocales=[]}, false)
2023-06-11 23:36:57.684  1776-2368  MIUIInput               system_server                        D  [MotionEvent] publisher action=0x0, 71000002, channel 'de64380 com.android.todolist/com.android.todolist.MainActivity (server)'
2023-06-11 23:36:57.767  1776-2368  MIUIInput               system_server                        D  [MotionEvent] publisher action=0x1, 71000085, channel 'de64380 com.android.todolist/com.android.todolist.MainActivity (server)'
2023-06-11 23:36:57.814  1776-4946  ActivityTaskManager     system_server                        I  START u0 {cmp=com.android.todolist/.ListActivity (has extras)} from uid 10363 from pid 15578 callingPackage com.android.todolist
2023-06-11 23:36:57.837  1776-3297  ActivityTaskManager     system_server                        I  The Process com.android.todolist Already Exists in BG. So sending its PID: 15578
2023-06-11 23:36:57.843  1776-2450  ProcessManager          system_server                        D  skip notify foregroundAppInfo:ApplicationInfo{dca2a54 com.android.todolist}
2023-06-11 23:36:57.864 15578-15578 IS_CTS_MODE             com.android.todolist                 D  false
2023-06-11 23:36:57.864 15578-15578 MULTI_WIND...CH_ENABLED com.android.todolist                 D  false
2023-06-11 23:36:57.865 15578-15578 DecorView[]             com.android.todolist                 D  getWindowModeFromSystem  windowmode is 1
2023-06-11 23:36:57.895  3048-3048  RecentsImpl             com.miui.home                        D  mActivityStateObserver com.android.todolist.ListActivity
2023-06-11 23:36:57.895  3048-3048  RecentsImpl             com.miui.home                        W  onResumed className=com.android.todolist.ListActivity   mIsInAnotherPro=false   isKeyguardLocked=false
2023-06-11 23:36:57.904  1776-4946  WindowManager           system_server                        D  Input focus has changed to Window{d21bfb5 u0 com.android.todolist/com.android.todolist.ListActivity} display=0 updateInputWindows = true
2023-06-11 23:36:57.916  1776-4946  WindowManager           system_server                        D  finishDrawingLocked: mDrawState=COMMIT_DRAW_PENDING Window{d21bfb5 u0 com.android.todolist/com.android.todolist.ListActivity} in Surface(name=com.android.todolist/com.android.todolist.ListActivity)/@0xea51697
2023-06-11 23:36:57.917 15578-15578 DecorView[]             com.android.todolist                 D  onWindowFocusChanged hasWindowFocus false
2023-06-11 23:36:57.924  1776-1976  ActivityTaskManager     system_server                        I  Displayed com.android.todolist/.ListActivity: +112ms
2023-06-11 23:36:57.936 15578-15578 DecorView[]             com.android.todolist                 D  onWindowFocusChanged hasWindowFocus true
2023-06-11 23:36:57.939  4518-4518  GoogleInpu...hodService com...gle.android.inputmethod.latin  I  GoogleInputMethodService.onStartInput():1917 onStartInput(EditorInfo{inputType=0x0(NULL) imeOptions=0x0 privateImeOptions=null actionName=UNSPECIFIED actionLabel=null actionId=0 initialSelStart=-1 initialSelEnd=-1 initialCapsMode=0x0 hintText=null label=null packageName=com.android.todolist fieldId=-1 fieldName=null extras=null hintLocales=[]}, false)
2023-06-11 23:36:57.943  3048-3397  RecentsModel            com.miui.home                        W  getRunningTask   taskInfo=TaskInfo{userId=0 taskId=21397 displayId=0 isRunning=true baseIntent=Intent { act=android.intent.action.MAIN cat=[android.intent.category.LAUNCHER] flg=0x10200000 cmp=com.android.todolist/.MainActivity } baseActivity=ComponentInfo{com.android.todolist/com.android.todolist.MainActivity} topActivity=ComponentInfo{com.android.todolist/com.android.todolist.ListActivity} origActivity=null realActivity=ComponentInfo{com.android.todolist/com.android.todolist.MainActivity} numActivities=2 lastActiveTime=88577712 supportsSplitScreenMultiWindow=true supportsMultiWindow=true resizeMode=1 isResizeable=true token=WCT{android.window.IWindowContainerToken$Stub$Proxy@aea0183} topActivityType=1 pictureInPictureParams=PictureInPictureParams( aspectRatio=null sourceRectHint=null hasSetActions=false isAutoPipEnabled=false isSeamlessResizeEnabled=true) displayCutoutSafeInsets=Rect(0, 49 - 0, 0) topActivityInfo=ActivityInfo{6abf00 com.android.todolist.ListActivity} launchCookies=[] positionInParent=Point(0, 0) parentTaskId=-1 isFocused=true isVisible=true topActivityInSizeCompat=false locusId= null windowMode=0}
2023-06-11 23:36:57.943  3048-3397  RecentsModel            com.miui.home                        W  getTaskInfoIgnoreHomeAndFreeform   taskInfo=ComponentInfo{com.android.todolist/com.android.todolist.MainActivity}
2023-06-11 23:36:57.945  3048-3397  ActivityManagerWrapper  com.miui.home                        E  getRecentTasks: taskId=21397   userId=0   baseIntent=Intent { act=android.intent.action.MAIN cat=[android.intent.category.LAUNCHER] flg=0x10200000 cmp=com.android.todolist/.MainActivity }
2023-06-11 23:36:57.945  3048-3397  ActivityManagerWrapper  com.miui.home                        E  getRecentTasks: taskId=21398   userId=0   baseIntent=Intent { act=android.settings.APPLICATION_DETAILS_SETTINGS dat=package:com.android.todolist flg=0x10008000 cmp=com.android.settings/.applications.InstalledAppDetails }
2023-06-11 23:36:58.427  1776-1980  WindowManager           system_server                        D  shouldDeferAnimationFinish ActivityRecord{3c227cb u0 com.android.todolist/.ListActivity t21397}, anim = com.android.server.wm.LocalAnimationAdapter@7030025
2023-06-11 23:36:59.836  1776-4946  NotificationService     system_server                        W  Toast already killed. pkg=com.android.todolist token=android.os.BinderProxy@c920edd
2023-06-11 23:37:03.716  1776-2368  MIUIInput               system_server                        D  [MotionEvent] publisher action=0x0, 71006035, channel 'd21bfb5 com.android.todolist/com.android.todolist.ListActivity (server)'
2023-06-11 23:37:03.764  1776-2368  MIUIInput               system_server                        D  [MotionEvent] publisher action=0x1, 71006084, channel 'd21bfb5 com.android.todolist/com.android.todolist.ListActivity (server)'
2023-06-11 23:37:03.796 15578-15578 InputMethodManager      com.android.todolist                 D  showSoftInput() view=androidx.appcompat.widget.AppCompatEditText{e5ef641 VFED..CL. .F....I. 0,0-0,0 #7f08009d app:id/newItem aid=1073741824} flags=1 reason=SHOW_SOFT_INPUT
2023-06-11 23:37:03.799  4518-4518  GoogleInpu...hodService com...gle.android.inputmethod.latin  I  GoogleInputMethodService.onStartInput():1917 onStartInput(EditorInfo{inputType=0x61(PersonName) imeOptions=0x6 privateImeOptions=null actionName=DONE actionLabel=null actionId=0 initialSelStart=0 initialSelEnd=0 initialCapsMode=0x0 hintText=non-empty label=null packageName=com.android.todolist fieldId=2131230877 fieldName=null extras=null hintLocales=[]}, false)
2023-06-11 23:37:03.813 15578-15578 ndroid.todolis          com.android.todolist                 E  Invalid ID 0x00000000.
2023-06-11 23:37:03.815  4518-4518  GoogleInpu...hodService com...gle.android.inputmethod.latin  I  GoogleInputMethodService.onStartInputView():2046 onStartInputView(EditorInfo{inputType=0x61(PersonName) imeOptions=0x6 privateImeOptions=null actionName=DONE actionLabel=null actionId=0 initialSelStart=0 initialSelEnd=0 initialCapsMode=0x0 hintText=non-empty label=null packageName=com.android.todolist fieldId=2131230877 fieldName=null extras=null hintLocales=[]}, false)
2023-06-11 23:37:03.815 15578-15578 AssistStructure         com.android.todolist                 I  Flattened final assist data: 1524 bytes, containing 1 windows, 10 views
2023-06-11 23:37:03.817  4518-4518  AndroidIME              com...gle.android.inputmethod.latin  I  AbstractIme.onActivate():87 LatinIme.onActivate() : EditorInfo = inputType=0x61(PersonName) imeOptions=0x6 privateImeOptions=null actionName=DONE actionLabel=null actionId=0 initialSelStart=0 initialSelEnd=0 initialCapsMode=0x0 hintText=non-empty label=null packageName=com.android.todolist fieldId=2131230877 fieldName=null extras=null hintLocales=[], IncognitoMode = false, DeviceLocked = false
2023-06-11 23:37:03.918 15578-15578 InsetsController        com.android.todolist                 D  show(ime(), fromIme=true)
2023-06-11 23:37:03.937  3263-23512 tul                     com.google.android.gms.persistent    W  Infinite Data has no result for com.android.todolist [CONTEXT service_id=177 ]
2023-06-11 23:37:03.938  3263-24433 tul                     com.google.android.gms.persistent    W  Infinite Data has no result for com.android.todolist [CONTEXT service_id=177 ]
2023-06-11 23:37:03.945  3263-3329  tul                     com.google.android.gms.persistent    W  Infinite Data has no result for com.android.todolist [CONTEXT service_id=177 ]
2023-06-11 23:37:03.949  3263-3329  tul                     com.google.android.gms.persistent    W  Infinite Data has no result for com.android.todolist [CONTEXT service_id=177 ]
2023-06-11 23:37:06.006  4518-4518  GoogleInpu...hodService com...gle.android.inputmethod.latin  I  GoogleInputMethodService.onStartInput():1917 onStartInput(EditorInfo{inputType=0x0(NULL) imeOptions=0x0 privateImeOptions=null actionName=UNSPECIFIED actionLabel=null actionId=0 initialSelStart=-1 initialSelEnd=-1 initialCapsMode=0x0 hintText=null label=null packageName=com.android.todolist fieldId=2131230904 fieldName=null extras=null hintLocales=[]}, false)
2023-06-11 23:37:06.008  4518-4518  GoogleInpu...hodService com...gle.android.inputmethod.latin  I  GoogleInputMethodService.onStartInputView():2046 onStartInputView(EditorInfo{inputType=0x0(NULL) imeOptions=0x0 privateImeOptions=null actionName=UNSPECIFIED actionLabel=null actionId=0 initialSelStart=-1 initialSelEnd=-1 initialCapsMode=0x0 hintText=null label=null packageName=com.android.todolist fieldId=2131230904 fieldName=null extras=null hintLocales=[]}, false)
2023-06-11 23:37:06.013  4518-4518  AndroidIME              com...gle.android.inputmethod.latin  I  AbstractIme.onActivate():87 PasswordIme.onActivate() : EditorInfo = inputType=0x0(NULL) imeOptions=0x0 privateImeOptions=null actionName=UNSPECIFIED actionLabel=null actionId=0 initialSelStart=-1 initialSelEnd=-1 initialCapsMode=0x0 hintText=null label=null packageName=com.android.todolist fieldId=2131230904 fieldName=null extras=null hintLocales=[], IncognitoMode = false, DeviceLocked = false
2023-06-11 23:37:06.047 15578-15578 InsetsController        com.android.todolist                 D  show(ime(), fromIme=true)
2023-06-11 23:37:06.897  1776-3303  WindowManager           system_server                        I  getCurrentTopActivityName >>> topActivityClassName = com.android.todolist.ListActivity
2023-06-11 23:37:06.905  1776-2368  MIUIInput               system_server                        D  [KeyEvent] publisher action:0x0,  keyCode:4 , 71009211,channel 'd21bfb5 com.android.todolist/com.android.todolist.ListActivity (server)' 
2023-06-11 23:37:06.910 15578-15578 MIUIInput               com.android.todolist                 D  [KeyEvent] ViewRootImpl windowName 'com.android.todolist/com.android.todolist.ListActivity', KeyEvent { action=ACTION_DOWN, keyCode=KEYCODE_BACK, scanCode=0, metaState=0, flags=0x48, repeatCount=0, eventTime=71009211, downTime=71009211, deviceId=-1, source=0x101, displayId=0 }, phoneEventTime=23:37:06.891
2023-06-11 23:37:07.041  1776-1825  WindowManager           system_server                        I  getCurrentTopActivityName >>> topActivityClassName = com.android.todolist.ListActivity
2023-06-11 23:37:07.048  1776-2368  MIUIInput               system_server                        D  [KeyEvent] publisher action:0x1,  keyCode:4 , 71009356,channel 'd21bfb5 com.android.todolist/com.android.todolist.ListActivity (server)' 
2023-06-11 23:37:07.056 15578-15578 MIUIInput               com.android.todolist                 D  [KeyEvent] ViewRootImpl windowName 'com.android.todolist/com.android.todolist.ListActivity', KeyEvent { action=ACTION_UP, keyCode=KEYCODE_BACK, scanCode=0, metaState=0, flags=0x48, repeatCount=0, eventTime=71009356, downTime=71009211, deviceId=-1, source=0x101, displayId=0 }, phoneEventTime=23:37:07.035
2023-06-11 23:37:07.992  1776-4913  WindowManager           system_server                        I  getCurrentTopActivityName >>> topActivityClassName = com.android.todolist.ListActivity
2023-06-11 23:37:07.997  1776-2368  MIUIInput               system_server                        D  [KeyEvent] publisher action:0x0,  keyCode:4 , 71010307,channel 'd21bfb5 com.android.todolist/com.android.todolist.ListActivity (server)' 
2023-06-11 23:37:08.005 15578-15578 MIUIInput               com.android.todolist                 D  [KeyEvent] ViewRootImpl windowName 'com.android.todolist/com.android.todolist.ListActivity', KeyEvent { action=ACTION_DOWN, keyCode=KEYCODE_BACK, scanCode=0, metaState=0, flags=0x48, repeatCount=0, eventTime=71010307, downTime=71010307, deviceId=-1, source=0x101, displayId=0 }, phoneEventTime=23:37:07.986
2023-06-11 23:37:08.111  1776-4913  WindowManager           system_server                        I  getCurrentTopActivityName >>> topActivityClassName = com.android.todolist.ListActivity
2023-06-11 23:37:08.121  1776-2368  MIUIInput               system_server                        D  [KeyEvent] publisher action:0x1,  keyCode:4 , 71010425,channel 'd21bfb5 com.android.todolist/com.android.todolist.ListActivity (server)' 
2023-06-11 23:37:08.132 15578-15578 MIUIInput               com.android.todolist                 D  [KeyEvent] ViewRootImpl windowName 'com.android.todolist/com.android.todolist.ListActivity', KeyEvent { action=ACTION_UP, keyCode=KEYCODE_BACK, scanCode=0, metaState=0, flags=0x48, repeatCount=0, eventTime=71010425, downTime=71010307, deviceId=-1, source=0x101, displayId=0 }, phoneEventTime=23:37:08.104
2023-06-11 23:37:08.179  1776-2450  ProcessManager          system_server                        D  skip notify foregroundAppInfo:ApplicationInfo{354d250 com.android.todolist}
2023-06-11 23:37:08.182  3048-3048  RecentsImpl             com.miui.home                        D  mActivityStateObserver com.android.todolist.MainActivity
2023-06-11 23:37:08.182  3048-3048  RecentsImpl             com.miui.home                        W  onResumed className=com.android.todolist.MainActivity   mIsInAnotherPro=false   isKeyguardLocked=false
2023-06-11 23:37:08.205  1776-4913  WindowManager           system_server                        D  Input focus has changed to Window{de64380 u0 com.android.todolist/com.android.todolist.MainActivity} display=0 updateInputWindows = true
2023-06-11 23:37:08.219  1776-4913  WindowManager           system_server                        D  finishDrawingLocked: mDrawState=COMMIT_DRAW_PENDING Window{de64380 u0 com.android.todolist/com.android.todolist.MainActivity} in Surface(name=com.android.todolist/com.android.todolist.MainActivity)/@0xc911891
2023-06-11 23:37:08.221 15578-15578 DecorView[]             com.android.todolist                 D  onWindowFocusChanged hasWindowFocus false
2023-06-11 23:37:08.247 15578-15578 DecorView[]             com.android.todolist                 D  onWindowFocusChanged hasWindowFocus true
2023-06-11 23:37:08.268  4518-4518  GoogleInpu...hodService com...gle.android.inputmethod.latin  I  GoogleInputMethodService.onStartInput():1917 onStartInput(EditorInfo{inputType=0x0(NULL) imeOptions=0x0 privateImeOptions=null actionName=UNSPECIFIED actionLabel=null actionId=0 initialSelStart=-1 initialSelEnd=-1 initialCapsMode=0x0 hintText=null label=null packageName=com.android.todolist fieldId=-1 fieldName=null extras=null hintLocales=[]}, false)
2023-06-11 23:37:08.280  3048-3397  RecentsModel            com.miui.home                        W  getRunningTask   taskInfo=TaskInfo{userId=0 taskId=21397 displayId=0 isRunning=true baseIntent=Intent { act=android.intent.action.MAIN cat=[android.intent.category.LAUNCHER] flg=0x10200000 cmp=com.android.todolist/.MainActivity } baseActivity=ComponentInfo{com.android.todolist/com.android.todolist.MainActivity} topActivity=ComponentInfo{com.android.todolist/com.android.todolist.MainActivity} origActivity=null realActivity=ComponentInfo{com.android.todolist/com.android.todolist.MainActivity} numActivities=1 lastActiveTime=88588049 supportsSplitScreenMultiWindow=true supportsMultiWindow=true resizeMode=1 isResizeable=true token=WCT{android.window.IWindowContainerToken$Stub$Proxy@da58339} topActivityType=1 pictureInPictureParams=PictureInPictureParams( aspectRatio=null sourceRectHint=null hasSetActions=false isAutoPipEnabled=false isSeamlessResizeEnabled=true) displayCutoutSafeInsets=Rect(0, 49 - 0, 0) topActivityInfo=ActivityInfo{48a6d7e com.android.todolist.MainActivity} launchCookies=[] positionInParent=Point(0, 0) parentTaskId=-1 isFocused=true isVisible=true topActivityInSizeCompat=false locusId= null windowMode=0}
2023-06-11 23:37:08.280  3048-3397  RecentsModel            com.miui.home                        W  getTaskInfoIgnoreHomeAndFreeform   taskInfo=ComponentInfo{com.android.todolist/com.android.todolist.MainActivity}
2023-06-11 23:37:08.282  3048-3397  ActivityManagerWrapper  com.miui.home                        E  getRecentTasks: taskId=21397   userId=0   baseIntent=Intent { act=android.intent.action.MAIN cat=[android.intent.category.LAUNCHER] flg=0x10200000 cmp=com.android.todolist/.MainActivity }
2023-06-11 23:37:08.282  3048-3397  ActivityManagerWrapper  com.miui.home                        E  getRecentTasks: taskId=21398   userId=0   baseIntent=Intent { act=android.settings.APPLICATION_DETAILS_SETTINGS dat=package:com.android.todolist flg=0x10008000 cmp=com.android.settings/.applications.InstalledAppDetails }
2023-06-11 23:37:08.727  1776-1980  WindowManager           system_server                        D  shouldDeferAnimationFinish ActivityRecord{3c227cb u0 com.android.todolist/.ListActivity t21397 f}}, anim = com.android.server.wm.LocalAnimationAdapter@61daef
2023-06-11 23:37:08.751  1776-4478  InputManager-JNI        system_server                        W  Input channel object 'd21bfb5 com.android.todolist/com.android.todolist.ListActivity (client)' was disposed without first being removed with the input manager!
2023-06-11 23:37:09.244  1776-4913  WindowManager           system_server                        I  getCurrentTopActivityName >>> topActivityClassName = com.android.todolist.MainActivity
2023-06-11 23:37:09.251  1776-2368  MIUIInput               system_server                        D  [KeyEvent] publisher action:0x0,  keyCode:4 , 71011559,channel 'de64380 com.android.todolist/com.android.todolist.MainActivity (server)' 
2023-06-11 23:37:09.263 15578-15578 MIUIInput               com.android.todolist                 D  [KeyEvent] ViewRootImpl windowName 'com.android.todolist/com.android.todolist.MainActivity', KeyEvent { action=ACTION_DOWN, keyCode=KEYCODE_BACK, scanCode=0, metaState=0, flags=0x48, repeatCount=0, eventTime=71011559, downTime=71011559, deviceId=-1, source=0x101, displayId=0 }, phoneEventTime=23:37:09.239
2023-06-11 23:37:09.341  1776-4913  WindowManager           system_server                        I  getCurrentTopActivityName >>> topActivityClassName = com.android.todolist.MainActivity
2023-06-11 23:37:09.349  1776-2368  MIUIInput               system_server                        D  [KeyEvent] publisher action:0x1,  keyCode:4 , 71011656,channel 'de64380 com.android.todolist/com.android.todolist.MainActivity (server)' 
2023-06-11 23:37:09.361 15578-15578 MIUIInput               com.android.todolist                 D  [KeyEvent] ViewRootImpl windowName 'com.android.todolist/com.android.todolist.MainActivity', KeyEvent { action=ACTION_UP, keyCode=KEYCODE_BACK, scanCode=0, metaState=0, flags=0x48, repeatCount=0, eventTime=71011656, downTime=71011559, deviceId=-1, source=0x101, displayId=0 }, phoneEventTime=23:37:09.336
2023-06-11 23:37:09.367  1776-4913  ActivityTaskManager     system_server                        I  moveTaskToBack: Task{f47691c #21397 type=standard A=10363:com.android.todolist U=0 visible=true mode=fullscreen translucent=false sz=1}
2023-06-11 23:37:09.392  9895-9907  GST                     com.xiaomi.joyose                    I  forePkg: com.miui.home, preForePkg: com.android.todolist
2023-06-11 23:37:09.392 30011-27839 ProcessMonitor          com.miui.securitycenter.remote       I  onForegroundInfoChanged: ForegroundInfo{mForegroundPackageName='com.miui.home', mForegroundUid=10109, mForegroundPid=3048, mLastForegroundPackageName='com.android.todolist', mLastForegroundUid=10363, mLastForegroundPid=15578, mMultiWindowForegroundPackageName='com.miui.home', mMultiWindowForegroundUid=10109, mFlags=0}
2023-06-11 23:37:09.392  3048-11346 AppObserver             com.miui.home                        D  ForegroundInfo{mForegroundPackageName='com.miui.home', mForegroundUid=10109, mForegroundPid=3048, mLastForegroundPackageName='com.android.todolist', mLastForegroundUid=10363, mLastForegroundPid=15578, mMultiWindowForegroundPackageName='com.miui.home', mMultiWindowForegroundUid=10109, mFlags=0}
2023-06-11 23:37:09.392  8006-8139  ThermalInfoCollector    com.miui.powerkeeper                 I  collectForgroundAppsInfo: com.android.todolist
2023-06-11 23:37:09.393  8006-13459 PerfEngineController    com.miui.powerkeeper                 D  ForegroundInfo{mForegroundPackageName='com.miui.home', mForegroundUid=10109, mForegroundPid=3048, mLastForegroundPackageName='com.android.todolist', mLastForegroundUid=10363, mLastForegroundPid=15578, mMultiWindowForegroundPackageName='com.miui.home', mMultiWindowForegroundUid=10109, mFlags=0}
2023-06-11 23:37:09.412 15578-15578 DecorView[]             com.android.todolist                 D  onWindowFocusChanged hasWindowFocus false
2023-06-11 23:37:09.490  3048-3397  ActivityManagerWrapper  com.miui.home                        E  getRecentTasks: taskId=21397   userId=0   baseIntent=Intent { act=android.intent.action.MAIN cat=[android.intent.category.LAUNCHER] flg=0x10200000 cmp=com.android.todolist/.MainActivity }
2023-06-11 23:37:09.490  3048-3397  ActivityManagerWrapper  com.miui.home                        E  getRecentTasks: taskId=21398   userId=0   baseIntent=Intent { act=android.settings.APPLICATION_DETAILS_SETTINGS dat=package:com.android.todolist flg=0x10008000 cmp=com.android.settings/.applications.InstalledAppDetails }
2023-06-11 23:37:39.928  3048-3397  ActivityManagerWrapper  com.miui.home                        E  getRecentTasks: taskId=21397   userId=0   baseIntent=Intent { act=android.intent.action.MAIN cat=[android.intent.category.LAUNCHER] flg=0x10200000 cmp=com.android.todolist/.MainActivity }
2023-06-11 23:37:39.928  3048-3397  ActivityManagerWrapper  com.miui.home                        E  getRecentTasks: taskId=21398   userId=0   baseIntent=Intent { act=android.settings.APPLICATION_DETAILS_SETTINGS dat=package:com.android.todolist flg=0x10008000 cmp=com.android.settings/.applications.InstalledAppDetails }
