                                                                                                    by.a1.selfcare=59-0.5025963786111112-0
                                                                                                    ru.aliexpress.buyer=84-5.828627950833334-0
                                                                                                    com.instagram.android=701-47.4630568225-0
                                                                                                    com.google.android.dialer=8662-163.01825581805556-0
                                                                                                    com.android.camera=81-5.549149797222222-0
                                                                                                    com.android.chrome=5525-214.52902999805556-0
                                                                                                    com.miui.calculator=100-6.9814537275-0
                                                                                                    ru.zenmoney.androidsub=62-4.348260285833335-0
                                                                                                    com.radio.helloworld=137-8.590203775277777-0
                                                                                                    com.android.settings=643-22.919673523055554-0
                                                                                                    se.scmv.belarus=47-3.254748764166667-0
                                                                                                    com.miui.screenshot=61-4.249817979166667-0
                                                                                                    com.android.deskclock=28-1.390968042777778-0
                                                                                                    com.miui.home=2299-109.54129440805556-0
                                                                                                    58961-64745
                                                                                                    3623.5496021252775-3636.7429495172228
                                                                                                    ------end
                                                                                                    ------error>>13.19334739194528
2023-06-11 23:31:40.034  1776-4954  ActivityTaskManager     system_server                        I  START u0 {act=android.intent.action.MAIN cat=[android.intent.category.LAUNCHER] flg=0x10200000 cmp=com.android.todolist/.MainActivity bnds=[51,949][169,1067] (has extras)} from uid 10109 from pid 3048 callingPackage com.miui.home
2023-06-11 23:31:40.125  1776-3301  WindowManager           system_server                        D  Input focus has changed to Window{de64380 u0 com.android.todolist/com.android.todolist.MainActivity} display=0 updateInputWindows = true
2023-06-11 23:31:40.153  1776-4954  WindowManager           system_server                        D  finishDrawingLocked: mDrawState=COMMIT_DRAW_PENDING Window{de64380 u0 com.android.todolist/com.android.todolist.MainActivity} in Surface(name=com.android.todolist/com.android.todolist.MainActivity)/@0x4db6e62
2023-06-11 23:31:42.007  1776-3301  WindowManager           system_server                        D  Input focus has changed to Window{afdef79 u0 com.android.todolist/com.android.todolist.MainActivity} display=0 updateInputWindows = false
2023-06-11 23:31:42.064  1776-4954  WindowManager           system_server                        D  finishDrawingLocked: mDrawState=COMMIT_DRAW_PENDING Window{afdef79 u0 com.android.todolist/com.android.todolist.MainActivity} in Surface(name=com.android.todolist/com.android.todolist.MainActivity)/@0x67b283b
2023-06-11 23:31:44.876  1776-3297  WindowManager           system_server                        D  Input focus has changed to Window{de64380 u0 com.android.todolist/com.android.todolist.MainActivity} display=0 updateInputWindows = false
2023-06-11 23:33:17.084  1776-2450  CameraBooster           system_server                        I  skip camera boost for com.android.todolist
2023-06-11 23:33:18.440  1776-2891  WindowManager           system_server                        D  finishDrawingLocked: mDrawState=COMMIT_DRAW_PENDING Window{de64380 u0 com.android.todolist/com.android.todolist.MainActivity} in Surface(name=com.android.todolist/com.android.todolist.MainActivity)/@0xab31265
2023-06-11 23:33:18.511  1776-4539  WindowManager           system_server                        D  Input focus has changed to Window{de64380 u0 com.android.todolist/com.android.todolist.MainActivity} display=0 updateInputWindows = true
2023-06-11 23:33:20.227  1776-4478  WindowManager           system_server                        D  Input focus has changed to Window{27e36c2 u0 com.android.todolist/com.android.todolist.MainActivity} display=0 updateInputWindows = false
2023-06-11 23:33:20.295  1776-4478  WindowManager           system_server                        D  finishDrawingLocked: mDrawState=COMMIT_DRAW_PENDING Window{27e36c2 u0 com.android.todolist/com.android.todolist.MainActivity} in Surface(name=com.android.todolist/com.android.todolist.MainActivity)/@0x8364d3c
2023-06-11 23:33:23.519  1776-4478  WindowManager           system_server                        D  Input focus has changed to Window{de64380 u0 com.android.todolist/com.android.todolist.MainActivity} display=0 updateInputWindows = false
2023-06-11 23:33:25.539  1776-4913  NotificationService     system_server                        W  Toast already killed. pkg=com.android.todolist token=android.os.BinderProxy@687daaf
2023-06-11 23:33:30.479  1776-4958  WindowManager           system_server                        D  Input focus has changed to Window{51481dd u0 com.android.todolist/com.android.todolist.MainActivity} display=0 updateInputWindows = false
2023-06-11 23:33:30.542  1776-4958  WindowManager           system_server                        D  finishDrawingLocked: mDrawState=COMMIT_DRAW_PENDING Window{51481dd u0 com.android.todolist/com.android.todolist.MainActivity} in Surface(name=com.android.todolist/com.android.todolist.MainActivity)/@0xc1f877f
2023-06-11 23:33:34.629  1776-4913  WindowManager           system_server                        D  Input focus has changed to Window{de64380 u0 com.android.todolist/com.android.todolist.MainActivity} display=0 updateInputWindows = false
2023-06-11 23:33:37.163  1776-4883  WindowManager           system_server                        D  Input focus has changed to Window{da74836 u0 com.android.todolist/com.android.todolist.MainActivity} display=0 updateInputWindows = false
2023-06-11 23:33:37.201  1776-4883  WindowManager           system_server                        D  finishDrawingLocked: mDrawState=COMMIT_DRAW_PENDING Window{da74836 u0 com.android.todolist/com.android.todolist.MainActivity} in Surface(name=com.android.todolist/com.android.todolist.MainActivity)/@0xbcbf03c
2023-06-11 23:33:40.520  1776-4883  WindowManager           system_server                        D  Input focus has changed to Window{de64380 u0 com.android.todolist/com.android.todolist.MainActivity} display=0 updateInputWindows = false
2023-06-11 23:34:10.712  1776-5201  ActivityTaskManager     system_server                        I  START u0 {act=android.intent.action.MAIN cat=[android.intent.category.LAUNCHER] flg=0x10200000 cmp=com.android.todolist/.MainActivity bnds=[49,946][167,1064] (has extras)} from uid 10109 from pid 3048 callingPackage com.miui.home
2023-06-11 23:34:10.784  1776-4539  WindowManager           system_server                        D  Input focus has changed to Window{de64380 u0 com.android.todolist/com.android.todolist.MainActivity} display=0 updateInputWindows = true
2023-06-11 23:34:10.796  1776-4539  WindowManager           system_server                        D  finishDrawingLocked: mDrawState=COMMIT_DRAW_PENDING Window{de64380 u0 com.android.todolist/com.android.todolist.MainActivity} in Surface(name=com.android.todolist/com.android.todolist.MainActivity)/@0x99d2598
2023-06-11 23:34:13.668  1776-4917  ActivityTaskManager     system_server                        I  START u0 {cmp=com.android.todolist/.ListActivity (has extras)} from uid 10363 from pid 15578 callingPackage com.android.todolist
2023-06-11 23:34:13.696  1776-4917  ActivityTaskManager     system_server                        I  The Process com.android.todolist Already Exists in BG. So sending its PID: 15578
2023-06-11 23:34:13.771  1776-4917  WindowManager           system_server                        D  Input focus has changed to Window{8d9b727 u0 com.android.todolist/com.android.todolist.ListActivity} display=0 updateInputWindows = true
2023-06-11 23:34:13.784  1776-4917  WindowManager           system_server                        D  finishDrawingLocked: mDrawState=COMMIT_DRAW_PENDING Window{8d9b727 u0 com.android.todolist/com.android.todolist.ListActivity} in Surface(name=com.android.todolist/com.android.todolist.ListActivity)/@0x5a48279
2023-06-11 23:34:14.276  1776-1980  WindowManager           system_server                        D  shouldDeferAnimationFinish ActivityRecord{22650d u0 com.android.todolist/.ListActivity t21397}, anim = com.android.server.wm.LocalAnimationAdapter@a08b817
2023-06-11 23:34:15.696  1776-3297  NotificationService     system_server                        W  Toast already killed. pkg=com.android.todolist token=android.os.BinderProxy@40b5f9c
2023-06-11 23:34:17.992  1776-4917  WindowManager           system_server                        D  Input focus has changed to Window{b0e6b82 u0 com.android.todolist/com.android.todolist.ListActivity} display=0 updateInputWindows = false
2023-06-11 23:34:18.079  1776-1825  WindowManager           system_server                        D  finishDrawingLocked: mDrawState=COMMIT_DRAW_PENDING Window{b0e6b82 u0 com.android.todolist/com.android.todolist.ListActivity} in Surface(name=com.android.todolist/com.android.todolist.ListActivity)/@0x366dbfc
2023-06-11 23:34:19.129  1776-1825  WindowManager           system_server                        D  Input focus has changed to Window{8d9b727 u0 com.android.todolist/com.android.todolist.ListActivity} display=0 updateInputWindows = false
2023-06-11 23:34:20.472  1776-1825  ActivityTaskManager     system_server                        I  START u0 {cmp=com.android.todolist/.MainActivity} from uid 10363 from pid 15578 callingPackage com.android.todolist
2023-06-11 23:34:20.490  1776-1825  ActivityTaskManager     system_server                        I  The Process com.android.todolist Already Exists in BG. So sending its PID: 15578
2023-06-11 23:34:20.561  1776-3297  WindowManager           system_server                        D  Input focus has changed to Window{e31d2e2 u0 com.android.todolist/com.android.todolist.MainActivity} display=0 updateInputWindows = true
2023-06-11 23:34:20.600  1776-3297  WindowManager           system_server                        D  finishDrawingLocked: mDrawState=COMMIT_DRAW_PENDING Window{e31d2e2 u0 com.android.todolist/com.android.todolist.MainActivity} in Surface(name=com.android.todolist/com.android.todolist.MainActivity)/@0xf78085c
2023-06-11 23:34:21.127  1776-1980  WindowManager           system_server                        D  shouldDeferAnimationFinish ActivityRecord{7fb9756 u0 com.android.todolist/.MainActivity t21397}, anim = com.android.server.wm.LocalAnimationAdapter@84f4263
2023-06-11 23:34:23.335  1776-3297  ActivityTaskManager     system_server                        I  START u0 {cmp=com.android.todolist/.Info} from uid 10363 from pid 15578 callingPackage com.android.todolist
2023-06-11 23:34:23.360  1776-3297  WindowManager           system_server                        D  Input focus has changed to Window{e31d2e2 u0 com.android.todolist/com.android.todolist.MainActivity} display=0 updateInputWindows = true
2023-06-11 23:34:23.366  1776-3297  ActivityTaskManager     system_server                        I  The Process com.android.todolist Already Exists in BG. So sending its PID: 15578
2023-06-11 23:34:23.433  1776-1825  WindowManager           system_server                        D  Input focus has changed to Window{c90ff9a u0 com.android.todolist/com.android.todolist.Info} display=0 updateInputWindows = true
2023-06-11 23:34:23.449  1776-1825  WindowManager           system_server                        D  finishDrawingLocked: mDrawState=COMMIT_DRAW_PENDING Window{c90ff9a u0 com.android.todolist/com.android.todolist.Info} in Surface(name=com.android.todolist/com.android.todolist.Info)/@0x85d0f54
2023-06-11 23:34:23.942  1776-1980  WindowManager           system_server                        D  shouldDeferAnimationFinish ActivityRecord{a5c6a42 u0 com.android.todolist/.Info t21397}, anim = com.android.server.wm.LocalAnimationAdapter@f78834a
2023-06-11 23:34:27.098  1776-3297  WindowManager           system_server                        D  Input focus has changed to Window{e31d2e2 u0 com.android.todolist/com.android.todolist.MainActivity} display=0 updateInputWindows = true
2023-06-11 23:34:27.106  1776-3297  WindowManager           system_server                        D  finishDrawingLocked: mDrawState=COMMIT_DRAW_PENDING Window{e31d2e2 u0 com.android.todolist/com.android.todolist.MainActivity} in Surface(name=com.android.todolist/com.android.todolist.MainActivity)/@0xd5ac7b4
2023-06-11 23:34:27.625  1776-1980  WindowManager           system_server                        D  shouldDeferAnimationFinish ActivityRecord{a5c6a42 u0 com.android.todolist/.Info t21397 f}}, anim = com.android.server.wm.LocalAnimationAdapter@c2b594c
2023-06-11 23:34:28.831  1776-4917  ActivityTaskManager     system_server                        I  START u0 {cmp=com.android.todolist/.ListActivity (has extras)} from uid 10363 from pid 15578 callingPackage com.android.todolist
2023-06-11 23:34:28.859  1776-3297  ActivityTaskManager     system_server                        I  The Process com.android.todolist Already Exists in BG. So sending its PID: 15578
2023-06-11 23:34:28.924  1776-4917  WindowManager           system_server                        D  Input focus has changed to Window{bdec0bd u0 com.android.todolist/com.android.todolist.ListActivity} display=0 updateInputWindows = true
2023-06-11 23:34:28.936  1776-4917  WindowManager           system_server                        D  finishDrawingLocked: mDrawState=COMMIT_DRAW_PENDING Window{bdec0bd u0 com.android.todolist/com.android.todolist.ListActivity} in Surface(name=com.android.todolist/com.android.todolist.ListActivity)/@0xab4cf5f
2023-06-11 23:34:29.442  1776-1980  WindowManager           system_server                        D  shouldDeferAnimationFinish ActivityRecord{3b74213 u0 com.android.todolist/.ListActivity t21397}, anim = com.android.server.wm.LocalAnimationAdapter@2775062
2023-06-11 23:34:30.838  1776-5201  NotificationService     system_server                        W  Toast already killed. pkg=com.android.todolist token=android.os.BinderProxy@22fa717
2023-06-11 23:34:31.093  1776-5201  PerfShielderService     system_server                        D  com.android.todolist|com.android.todolist/com.android.todolist.ListActivity|173|70860053864738|125|5|4
2023-06-11 23:34:31.387  4915-8342  MiuiPerfServiceClient   com.miui.daemon                      W  interceptAndQueuing:15578|com.android.todolist|173|125|70860053864738|Slow issue draw commands|4
2023-06-11 23:34:38.331  1776-4728  WindowManager           system_server                        D  Input focus has changed to Window{e31d2e2 u0 com.android.todolist/com.android.todolist.MainActivity} display=0 updateInputWindows = true
2023-06-11 23:34:38.339  1776-4728  WindowManager           system_server                        D  finishDrawingLocked: mDrawState=COMMIT_DRAW_PENDING Window{e31d2e2 u0 com.android.todolist/com.android.todolist.MainActivity} in Surface(name=com.android.todolist/com.android.todolist.MainActivity)/@0x165d6df
2023-06-11 23:34:38.842  1776-1980  WindowManager           system_server                        D  shouldDeferAnimationFinish ActivityRecord{3b74213 u0 com.android.todolist/.ListActivity t21397 f}}, anim = com.android.server.wm.LocalAnimationAdapter@51835cf
2023-06-11 23:34:39.909  1776-4728  ActivityTaskManager     system_server                        I  START u0 {cmp=com.android.todolist/.ListActivity (has extras)} from uid 10363 from pid 15578 callingPackage com.android.todolist
2023-06-11 23:34:39.937  1776-3297  ActivityTaskManager     system_server                        I  The Process com.android.todolist Already Exists in BG. So sending its PID: 15578
2023-06-11 23:34:40.000  1776-3297  WindowManager           system_server                        D  Input focus has changed to Window{e8b884 u0 com.android.todolist/com.android.todolist.ListActivity} display=0 updateInputWindows = true
2023-06-11 23:34:40.014  1776-3297  WindowManager           system_server                        D  finishDrawingLocked: mDrawState=COMMIT_DRAW_PENDING Window{e8b884 u0 com.android.todolist/com.android.todolist.ListActivity} in Surface(name=com.android.todolist/com.android.todolist.ListActivity)/@0x65fc98f
2023-06-11 23:34:40.526  1776-1980  WindowManager           system_server                        D  shouldDeferAnimationFinish ActivityRecord{49f95fd u0 com.android.todolist/.ListActivity t21397}, anim = com.android.server.wm.LocalAnimationAdapter@d8c347f
2023-06-11 23:34:41.131  1776-4539  WindowManager           system_server                        D  Input focus has changed to Window{e31d2e2 u0 com.android.todolist/com.android.todolist.MainActivity} display=0 updateInputWindows = true
2023-06-11 23:34:41.138  1776-4539  WindowManager           system_server                        D  finishDrawingLocked: mDrawState=COMMIT_DRAW_PENDING Window{e31d2e2 u0 com.android.todolist/com.android.todolist.MainActivity} in Surface(name=com.android.todolist/com.android.todolist.MainActivity)/@0xac8a481
2023-06-11 23:34:41.642  1776-1980  WindowManager           system_server                        D  shouldDeferAnimationFinish ActivityRecord{49f95fd u0 com.android.todolist/.ListActivity t21397 f}}, anim = com.android.server.wm.LocalAnimationAdapter@aa462b9
2023-06-11 23:34:41.855  1776-3297  ActivityTaskManager     system_server                        I  START u0 {cmp=com.android.todolist/.ListActivity (has extras)} from uid 10363 from pid 15578 callingPackage com.android.todolist
2023-06-11 23:34:41.874  1776-3297  ActivityTaskManager     system_server                        I  The Process com.android.todolist Already Exists in BG. So sending its PID: 15578
2023-06-11 23:34:41.932  1776-4539  NotificationService     system_server                        W  Toast already killed. pkg=com.android.todolist token=android.os.BinderProxy@f30a1e5
2023-06-11 23:34:41.948  1776-4539  WindowManager           system_server                        D  Input focus has changed to Window{3411d4f u0 com.android.todolist/com.android.todolist.ListActivity} display=0 updateInputWindows = true
2023-06-11 23:34:41.974  1776-4539  WindowManager           system_server                        D  finishDrawingLocked: mDrawState=COMMIT_DRAW_PENDING Window{3411d4f u0 com.android.todolist/com.android.todolist.ListActivity} in Surface(name=com.android.todolist/com.android.todolist.ListActivity)/@0x249f83f
2023-06-11 23:34:42.494  1776-1980  WindowManager           system_server                        D  shouldDeferAnimationFinish ActivityRecord{7fb9756 u0 com.android.todolist/.MainActivity t21397}, anim = com.android.server.wm.LocalAnimationAdapter@ff93309
2023-06-11 23:34:43.113  1776-2422  WindowManager           system_server                        D  Input focus has changed to Window{e31d2e2 u0 com.android.todolist/com.android.todolist.MainActivity} display=0 updateInputWindows = true
2023-06-11 23:34:43.122  1776-2422  WindowManager           system_server                        D  finishDrawingLocked: mDrawState=COMMIT_DRAW_PENDING Window{e31d2e2 u0 com.android.todolist/com.android.todolist.MainActivity} in Surface(name=com.android.todolist/com.android.todolist.MainActivity)/@0xd695058
2023-06-11 23:34:43.642  1776-1980  WindowManager           system_server                        D  shouldDeferAnimationFinish ActivityRecord{7fb9756 u0 com.android.todolist/.MainActivity t21397}, anim = com.android.server.wm.LocalAnimationAdapter@77d7f88
2023-06-11 23:34:43.834  1776-3297  ActivityTaskManager     system_server                        I  START u0 {cmp=com.android.todolist/.ListActivity (has extras)} from uid 10363 from pid 15578 callingPackage com.android.todolist
2023-06-11 23:34:43.853  1776-3297  ActivityTaskManager     system_server                        I  The Process com.android.todolist Already Exists in BG. So sending its PID: 15578
2023-06-11 23:34:43.902  1776-3297  WindowManager           system_server                        D  Input focus has changed to Window{e4bd91b u0 com.android.todolist/com.android.todolist.ListActivity} display=0 updateInputWindows = true
2023-06-11 23:34:43.917  1776-3297  WindowManager           system_server                        D  finishDrawingLocked: mDrawState=COMMIT_DRAW_PENDING Window{e4bd91b u0 com.android.todolist/com.android.todolist.ListActivity} in Surface(name=com.android.todolist/com.android.todolist.ListActivity)/@0x44b48d0
2023-06-11 23:34:43.930  1776-4917  NotificationService     system_server                        W  Toast already killed. pkg=com.android.todolist token=android.os.BinderProxy@ae57085
2023-06-11 23:34:44.425  1776-1980  WindowManager           system_server                        D  shouldDeferAnimationFinish ActivityRecord{7fb9756 u0 com.android.todolist/.MainActivity t21397}, anim = com.android.server.wm.LocalAnimationAdapter@c102d56
2023-06-11 23:34:45.935  1776-4917  NotificationService     system_server                        W  Toast already killed. pkg=com.android.todolist token=android.os.BinderProxy@ed104cf
2023-06-11 23:34:47.161  1776-4917  PerfShielderService     system_server                        D  com.android.todolist|com.android.todolist/com.android.todolist.ListActivity|991|70876238398847|72|5|56
2023-06-11 23:34:47.163  4915-8342  MiuiPerfServiceClient   com.miui.daemon                      W  interceptAndQueuing:15578|com.android.todolist|991|72|70876238398847|Slow issue draw commands|56
2023-06-11 23:34:49.597  1776-4728  WindowManager           system_server                        D  Input focus has changed to Window{c32068c u0 com.android.todolist/com.android.todolist.ListActivity} display=0 updateInputWindows = false
2023-06-11 23:34:49.692  1776-4728  WindowManager           system_server                        D  finishDrawingLocked: mDrawState=COMMIT_DRAW_PENDING Window{c32068c u0 com.android.todolist/com.android.todolist.ListActivity} in Surface(name=com.android.todolist/com.android.todolist.ListActivity)/@0x3510eb6
2023-06-11 23:34:50.759  1776-4917  WindowManager           system_server                        D  Input focus has changed to Window{e4bd91b u0 com.android.todolist/com.android.todolist.ListActivity} display=0 updateInputWindows = false
2023-06-11 23:34:52.431  1776-4917  WindowManager           system_server                        D  Input focus has changed to Window{e4bd91b u0 com.android.todolist/com.android.todolist.ListActivity} display=0 updateInputWindows = true
2023-06-11 23:34:52.545  1776-5201  WindowManager           system_server                        D  Input focus has changed to Window{6e9b71c u0 com.android.todolist/com.android.todolist.ListActivity} display=0 updateInputWindows = false
2023-06-11 23:34:52.615  1776-4728  WindowManager           system_server                        D  finishDrawingLocked: mDrawState=COMMIT_DRAW_PENDING Window{6e9b71c u0 com.android.todolist/com.android.todolist.ListActivity} in Surface(name=com.android.todolist/com.android.todolist.ListActivity)/@0x8bcbac6
2023-06-11 23:34:56.030  1776-5201  WindowManager           system_server                        D  Input focus has changed to Window{e4bd91b u0 com.android.todolist/com.android.todolist.ListActivity} display=0 updateInputWindows = false
2023-06-11 23:34:57.247  1776-2422  WindowManager           system_server                        D  Input focus has changed to Window{e31d2e2 u0 com.android.todolist/com.android.todolist.MainActivity} display=0 updateInputWindows = true
2023-06-11 23:34:57.255  1776-2422  WindowManager           system_server                        D  finishDrawingLocked: mDrawState=COMMIT_DRAW_PENDING Window{e31d2e2 u0 com.android.todolist/com.android.todolist.MainActivity} in Surface(name=com.android.todolist/com.android.todolist.MainActivity)/@0x1f4911f
2023-06-11 23:34:57.775  1776-1980  WindowManager           system_server                        D  shouldDeferAnimationFinish ActivityRecord{7fb9756 u0 com.android.todolist/.MainActivity t21397}, anim = com.android.server.wm.LocalAnimationAdapter@d18517
2023-06-11 23:34:58.765  1776-1825  WindowManager           system_server                        D  Input focus has changed to Window{de64380 u0 com.android.todolist/com.android.todolist.MainActivity} display=0 updateInputWindows = true
2023-06-11 23:34:58.773  1776-1825  WindowManager           system_server                        D  finishDrawingLocked: mDrawState=COMMIT_DRAW_PENDING Window{de64380 u0 com.android.todolist/com.android.todolist.MainActivity} in Surface(name=com.android.todolist/com.android.todolist.MainActivity)/@0x726fbcd
2023-06-11 23:34:59.292  1776-1980  WindowManager           system_server                        D  shouldDeferAnimationFinish ActivityRecord{e5cd28f u0 com.android.todolist/.MainActivity t21397}, anim = com.android.server.wm.LocalAnimationAdapter@1c87c65
2023-06-11 23:34:59.818  1776-1825  ActivityTaskManager     system_server                        I  START u0 {cmp=com.android.todolist/.ListActivity (has extras)} from uid 10363 from pid 15578 callingPackage com.android.todolist
2023-06-11 23:34:59.846  1776-1825  ActivityTaskManager     system_server                        I  The Process com.android.todolist Already Exists in BG. So sending its PID: 15578
2023-06-11 23:34:59.912  1776-1825  WindowManager           system_server                        D  Input focus has changed to Window{3f6de24 u0 com.android.todolist/com.android.todolist.ListActivity} display=0 updateInputWindows = true
2023-06-11 23:34:59.925  1776-1825  WindowManager           system_server                        D  finishDrawingLocked: mDrawState=COMMIT_DRAW_PENDING Window{3f6de24 u0 com.android.todolist/com.android.todolist.ListActivity} in Surface(name=com.android.todolist/com.android.todolist.ListActivity)/@0x5ab698e
2023-06-11 23:35:00.442  1776-1980  WindowManager           system_server                        D  shouldDeferAnimationFinish ActivityRecord{b74e992 u0 com.android.todolist/.ListActivity t21397}, anim = com.android.server.wm.LocalAnimationAdapter@25065c0
--------- beginning of main
2023-06-11 23:35:00.908  1776-4917  WindowManager           system_server                        I  getCurrentTopActivityName >>> topActivityClassName = com.android.todolist.ListActivity
2023-06-11 23:35:00.911  1776-2368  MIUIInput               system_server                        D  [KeyEvent] publisher action:0x0,  keyCode:4 , 70890159,channel '3f6de24 com.android.todolist/com.android.todolist.ListActivity (server)' 
2023-06-11 23:35:00.923 15578-15578 MIUIInput               com.android.todolist                 D  [KeyEvent] ViewRootImpl windowName 'com.android.todolist/com.android.todolist.ListActivity', KeyEvent { action=ACTION_DOWN, keyCode=KEYCODE_BACK, scanCode=0, metaState=0, flags=0x48, repeatCount=0, eventTime=70890159, downTime=70890159, deviceId=-1, source=0x101, displayId=0 }, phoneEventTime=23:35:00.904
2023-06-11 23:35:01.024  1776-4917  WindowManager           system_server                        I  getCurrentTopActivityName >>> topActivityClassName = com.android.todolist.ListActivity
2023-06-11 23:35:01.030  1776-2368  MIUIInput               system_server                        D  [KeyEvent] publisher action:0x1,  keyCode:4 , 70890273,channel '3f6de24 com.android.todolist/com.android.todolist.ListActivity (server)' 
2023-06-11 23:35:01.039 15578-15578 MIUIInput               com.android.todolist                 D  [KeyEvent] ViewRootImpl windowName 'com.android.todolist/com.android.todolist.ListActivity', KeyEvent { action=ACTION_UP, keyCode=KEYCODE_BACK, scanCode=0, metaState=0, flags=0x48, repeatCount=0, eventTime=70890273, downTime=70890159, deviceId=-1, source=0x101, displayId=0 }, phoneEventTime=23:35:01.018
2023-06-11 23:35:01.085  1776-2450  ProcessManager          system_server                        D  skip notify foregroundAppInfo:ApplicationInfo{354d250 com.android.todolist}
2023-06-11 23:35:01.087  3048-3048  RecentsImpl             com.miui.home                        D  mActivityStateObserver com.android.todolist.MainActivity
2023-06-11 23:35:01.087  3048-3048  RecentsImpl             com.miui.home                        W  onResumed className=com.android.todolist.MainActivity   mIsInAnotherPro=false   isKeyguardLocked=false
2023-06-11 23:35:01.099  1776-4917  WindowManager           system_server                        D  Input focus has changed to Window{de64380 u0 com.android.todolist/com.android.todolist.MainActivity} display=0 updateInputWindows = true
2023-06-11 23:35:01.107 15578-15578 DecorView[]             com.android.todolist                 D  onWindowFocusChanged hasWindowFocus false
2023-06-11 23:35:01.107  1776-4917  WindowManager           system_server                        D  finishDrawingLocked: mDrawState=COMMIT_DRAW_PENDING Window{de64380 u0 com.android.todolist/com.android.todolist.MainActivity} in Surface(name=com.android.todolist/com.android.todolist.MainActivity)/@0xf10edab
2023-06-11 23:35:01.128 15578-15578 DecorView[]             com.android.todolist                 D  onWindowFocusChanged hasWindowFocus true
2023-06-11 23:35:01.133  4518-4518  GoogleInpu...hodService com...gle.android.inputmethod.latin  I  GoogleInputMethodService.onStartInput():1917 onStartInput(EditorInfo{inputType=0x0(NULL) imeOptions=0x0 privateImeOptions=null actionName=UNSPECIFIED actionLabel=null actionId=0 initialSelStart=-1 initialSelEnd=-1 initialCapsMode=0x0 hintText=null label=null packageName=com.android.todolist fieldId=-1 fieldName=null extras=null hintLocales=[]}, false)
2023-06-11 23:35:01.184  3048-3397  RecentsModel            com.miui.home                        W  getRunningTask   taskInfo=TaskInfo{userId=0 taskId=21397 displayId=0 isRunning=true baseIntent=Intent { act=android.intent.action.MAIN cat=[android.intent.category.LAUNCHER] flg=0x10200000 cmp=com.android.todolist/.MainActivity } baseActivity=ComponentInfo{com.android.todolist/com.android.todolist.MainActivity} topActivity=ComponentInfo{com.android.todolist/com.android.todolist.MainActivity} origActivity=null realActivity=ComponentInfo{com.android.todolist/com.android.todolist.MainActivity} numActivities=1 lastActiveTime=88460953 supportsSplitScreenMultiWindow=true supportsMultiWindow=true resizeMode=1 isResizeable=true token=WCT{android.window.IWindowContainerToken$Stub$Proxy@c53280d} topActivityType=1 pictureInPictureParams=PictureInPictureParams( aspectRatio=null sourceRectHint=null hasSetActions=false isAutoPipEnabled=false isSeamlessResizeEnabled=true) displayCutoutSafeInsets=Rect(0, 49 - 0, 0) topActivityInfo=ActivityInfo{caa33c2 com.android.todolist.MainActivity} launchCookies=[] positionInParent=Point(0, 0) parentTaskId=-1 isFocused=true isVisible=true topActivityInSizeCompat=false locusId= null windowMode=0}
2023-06-11 23:35:01.184  3048-3397  RecentsModel            com.miui.home                        W  getTaskInfoIgnoreHomeAndFreeform   taskInfo=ComponentInfo{com.android.todolist/com.android.todolist.MainActivity}
2023-06-11 23:35:01.185  3048-3397  ActivityManagerWrapper  com.miui.home                        E  getRecentTasks: taskId=21397   userId=0   baseIntent=Intent { act=android.intent.action.MAIN cat=[android.intent.category.LAUNCHER] flg=0x10200000 cmp=com.android.todolist/.MainActivity }
2023-06-11 23:35:01.185  3048-3397  ActivityManagerWrapper  com.miui.home                        E  getRecentTasks: taskId=21398   userId=0   baseIntent=Intent { act=android.settings.APPLICATION_DETAILS_SETTINGS dat=package:com.android.todolist flg=0x10008000 cmp=com.android.settings/.applications.InstalledAppDetails }
2023-06-11 23:35:01.516  1776-4539  WindowManager           system_server                        I  getCurrentTopActivityName >>> topActivityClassName = com.android.todolist.MainActivity
2023-06-11 23:35:01.517  1776-2368  MIUIInput               system_server                        D  [KeyEvent] publisher action:0x0,  keyCode:4 , 70890769,channel 'de64380 com.android.todolist/com.android.todolist.MainActivity (server)' 
2023-06-11 23:35:01.519 15578-15578 MIUIInput               com.android.todolist                 D  [KeyEvent] ViewRootImpl windowName 'com.android.todolist/com.android.todolist.MainActivity', KeyEvent { action=ACTION_DOWN, keyCode=KEYCODE_BACK, scanCode=0, metaState=0, flags=0x48, repeatCount=0, eventTime=70890769, downTime=70890769, deviceId=-1, source=0x101, displayId=0 }, phoneEventTime=23:35:01.514
2023-06-11 23:35:01.615  1776-4539  WindowManager           system_server                        I  getCurrentTopActivityName >>> topActivityClassName = com.android.todolist.MainActivity
2023-06-11 23:35:01.615  1776-2368  MIUIInput               system_server                        D  [KeyEvent] publisher action:0x1,  keyCode:4 , 70890869,channel 'de64380 com.android.todolist/com.android.todolist.MainActivity (server)' 
2023-06-11 23:35:01.617 15578-15578 MIUIInput               com.android.todolist                 D  [KeyEvent] ViewRootImpl windowName 'com.android.todolist/com.android.todolist.MainActivity', KeyEvent { action=ACTION_UP, keyCode=KEYCODE_BACK, scanCode=0, metaState=0, flags=0x48, repeatCount=0, eventTime=70890869, downTime=70890769, deviceId=-1, source=0x101, displayId=0 }, phoneEventTime=23:35:01.614
2023-06-11 23:35:01.619  1776-2422  ActivityTaskManager     system_server                        I  moveTaskToBack: Task{f47691c #21397 type=standard A=10363:com.android.todolist U=0 visible=true mode=fullscreen translucent=false sz=2}
2023-06-11 23:35:01.632  9895-9908  GST                     com.xiaomi.joyose                    I  forePkg: com.miui.home, preForePkg: com.android.todolist
2023-06-11 23:35:01.632 30011-5767  ProcessMonitor          com.miui.securitycenter.remote       I  onForegroundInfoChanged: ForegroundInfo{mForegroundPackageName='com.miui.home', mForegroundUid=10109, mForegroundPid=3048, mLastForegroundPackageName='com.android.todolist', mLastForegroundUid=10363, mLastForegroundPid=15578, mMultiWindowForegroundPackageName='com.miui.home', mMultiWindowForegroundUid=10109, mFlags=0}
2023-06-11 23:35:01.632  3048-3337  AppObserver             com.miui.home                        D  ForegroundInfo{mForegroundPackageName='com.miui.home', mForegroundUid=10109, mForegroundPid=3048, mLastForegroundPackageName='com.android.todolist', mLastForegroundUid=10363, mLastForegroundPid=15578, mMultiWindowForegroundPackageName='com.miui.home', mMultiWindowForegroundUid=10109, mFlags=0}
2023-06-11 23:35:01.632  8006-8139  ThermalInfoCollector    com.miui.powerkeeper                 I  collectForgroundAppsInfo: com.android.todolist
2023-06-11 23:35:01.633  8006-1964  PerfEngineController    com.miui.powerkeeper                 D  ForegroundInfo{mForegroundPackageName='com.miui.home', mForegroundUid=10109, mForegroundPid=3048, mLastForegroundPackageName='com.android.todolist', mLastForegroundUid=10363, mLastForegroundPid=15578, mMultiWindowForegroundPackageName='com.miui.home', mMultiWindowForegroundUid=10109, mFlags=0}
2023-06-11 23:35:01.635  1776-1980  WindowManager           system_server                        D  shouldDeferAnimationFinish ActivityRecord{e5cd28f u0 com.android.todolist/.MainActivity t21397}, anim = com.android.server.wm.LocalAnimationAdapter@3702c76
2023-06-11 23:35:01.667  1776-4917  InputManager-JNI        system_server                        W  Input channel object '3f6de24 com.android.todolist/com.android.todolist.ListActivity (client)' was disposed without first being removed with the input manager!
2023-06-11 23:35:01.673 15578-15578 DecorView[]             com.android.todolist                 D  onWindowFocusChanged hasWindowFocus false
2023-06-11 23:35:01.732  3048-3397  ActivityManagerWrapper  com.miui.home                        E  getRecentTasks: taskId=21397   userId=0   baseIntent=Intent { act=android.intent.action.MAIN cat=[android.intent.category.LAUNCHER] flg=0x10200000 cmp=com.android.todolist/.MainActivity }
2023-06-11 23:35:01.732  3048-3397  ActivityManagerWrapper  com.miui.home                        E  getRecentTasks: taskId=21398   userId=0   baseIntent=Intent { act=android.settings.APPLICATION_DETAILS_SETTINGS dat=package:com.android.todolist flg=0x10008000 cmp=com.android.settings/.applications.InstalledAppDetails }
2023-06-11 23:35:01.814  1776-3297  NotificationService     system_server                        W  Toast already killed. pkg=com.android.todolist token=android.os.BinderProxy@8c495bd
2023-06-11 23:35:02.860  3048-3048  Launcher.CellLayout     com.miui.home                        D  touch item:ShortcutInfo, id=145, itemType=0, user=UserHandle{0}, mIconType=0, pkgName=com.android.todolist, className=com.android.todolist.MainActivity, screenId=4, container=-100, cellX=0, cellY=4, spanX=1, spanY=1
2023-06-11 23:35:02.939  1776-1825  ActivityTaskManager     system_server                        I  START u0 {act=android.intent.action.MAIN cat=[android.intent.category.LAUNCHER] flg=0x10200000 cmp=com.android.todolist/.MainActivity bnds=[51,949][169,1067] (has extras)} from uid 10109 from pid 3048 callingPackage com.miui.home
2023-06-11 23:35:02.985 15578-18346 AppScoutStateMachine    com.android.todolist                 D  15578-ScoutStateMachinecreated
2023-06-11 23:35:02.990  9895-9908  GST                     com.xiaomi.joyose                    I  forePkg: com.android.todolist, preForePkg: com.miui.home
2023-06-11 23:35:02.990 30011-27839 ProcessMonitor          com.miui.securitycenter.remote       I  onForegroundInfoChanged: ForegroundInfo{mForegroundPackageName='com.android.todolist', mForegroundUid=10363, mForegroundPid=15578, mLastForegroundPackageName='com.miui.home', mLastForegroundUid=10109, mLastForegroundPid=3048, mMultiWindowForegroundPackageName='com.android.todolist', mMultiWindowForegroundUid=10363, mFlags=0}
2023-06-11 23:35:02.990  8006-8132  LS-Foregro...tusManager com.miui.powerkeeper                 D  handleMessage ForegroundInfoChanged. pkg = com.android.todolist, uid = 10363, mCurrentForegroundUid = 10109
2023-06-11 23:35:02.990  3048-7541  AppObserver             com.miui.home                        D  ForegroundInfo{mForegroundPackageName='com.android.todolist', mForegroundUid=10363, mForegroundPid=15578, mLastForegroundPackageName='com.miui.home', mLastForegroundUid=10109, mLastForegroundPid=3048, mMultiWindowForegroundPackageName='com.android.todolist', mMultiWindowForegroundUid=10363, mFlags=0}
2023-06-11 23:35:02.990  8006-1964  PerfEngineController    com.miui.powerkeeper                 D  ForegroundInfo{mForegroundPackageName='com.android.todolist', mForegroundUid=10363, mForegroundPid=15578, mLastForegroundPackageName='com.miui.home', mLastForegroundUid=10109, mLastForegroundPid=3048, mMultiWindowForegroundPackageName='com.android.todolist', mMultiWindowForegroundUid=10363, mFlags=0}
2023-06-11 23:35:02.991 13965-18775 AutoInstallService      com.miui.core                        D  onForegroundInfoChanged: com.android.todolist
2023-06-11 23:35:02.997  3048-3048  RecentsImpl             com.miui.home                        D  mActivityStateObserver com.android.todolist.MainActivity
2023-06-11 23:35:02.997  3048-3048  RecentsImpl             com.miui.home                        W  onResumed className=com.android.todolist.MainActivity   mIsInAnotherPro=false   isKeyguardLocked=false
2023-06-11 23:35:02.999  1776-1825  WindowManager           system_server                        D  Input focus has changed to Window{de64380 u0 com.android.todolist/com.android.todolist.MainActivity} display=0 updateInputWindows = true
2023-06-11 23:35:03.008  1776-4539  WindowManager           system_server                        D  finishDrawingLocked: mDrawState=COMMIT_DRAW_PENDING Window{de64380 u0 com.android.todolist/com.android.todolist.MainActivity} in Surface(name=com.android.todolist/com.android.todolist.MainActivity)/@0xa96fe1a
2023-06-11 23:35:03.015  1776-1976  ziparchive              system_server                        W  Unable to open '/data/app/~~DUJqc1-YdGQ_T6CQ9d5-Og==/com.android.todolist-rkh__HQk--T5EIC3UTHL-w==/base.dm': No such file or directory
2023-06-11 23:35:03.027 15578-15578 DecorView[]             com.android.todolist                 D  onWindowFocusChanged hasWindowFocus true
2023-06-11 23:35:03.031  4518-4518  GoogleInpu...hodService com...gle.android.inputmethod.latin  I  GoogleInputMethodService.onStartInput():1917 onStartInput(EditorInfo{inputType=0x0(NULL) imeOptions=0x0 privateImeOptions=null actionName=UNSPECIFIED actionLabel=null actionId=0 initialSelStart=-1 initialSelEnd=-1 initialCapsMode=0x0 hintText=null label=null packageName=com.android.todolist fieldId=-1 fieldName=null extras=null hintLocales=[]}, false)
2023-06-11 23:35:03.080  3048-3397  RecentsModel            com.miui.home                        W  getRunningTask   taskInfo=TaskInfo{userId=0 taskId=21397 displayId=0 isRunning=true baseIntent=Intent { act=android.intent.action.MAIN cat=[android.intent.category.LAUNCHER] flg=0x10200000 cmp=com.android.todolist/.MainActivity } baseActivity=ComponentInfo{com.android.todolist/com.android.todolist.MainActivity} topActivity=ComponentInfo{com.android.todolist/com.android.todolist.MainActivity} origActivity=null realActivity=ComponentInfo{com.android.todolist/com.android.todolist.MainActivity} numActivities=1 lastActiveTime=88462848 supportsSplitScreenMultiWindow=true supportsMultiWindow=true resizeMode=1 isResizeable=true token=WCT{android.window.IWindowContainerToken$Stub$Proxy@125f6cc} topActivityType=1 pictureInPictureParams=PictureInPictureParams( aspectRatio=null sourceRectHint=null hasSetActions=false isAutoPipEnabled=false isSeamlessResizeEnabled=true) displayCutoutSafeInsets=Rect(0, 49 - 0, 0) topActivityInfo=ActivityInfo{c246d15 com.android.todolist.MainActivity} launchCookies=[] positionInParent=Point(0, 0) parentTaskId=-1 isFocused=true isVisible=true topActivityInSizeCompat=false locusId= null windowMode=0}
2023-06-11 23:35:03.080  3048-3397  RecentsModel            com.miui.home                        W  getTaskInfoIgnoreHomeAndFreeform   taskInfo=ComponentInfo{com.android.todolist/com.android.todolist.MainActivity}
2023-06-11 23:35:03.081  3048-3397  ActivityManagerWrapper  com.miui.home                        E  getRecentTasks: taskId=21397   userId=0   baseIntent=Intent { act=android.intent.action.MAIN cat=[android.intent.category.LAUNCHER] flg=0x10200000 cmp=com.android.todolist/.MainActivity }
2023-06-11 23:35:03.081  3048-3397  ActivityManagerWrapper  com.miui.home                        E  getRecentTasks: taskId=21398   userId=0   baseIntent=Intent { act=android.settings.APPLICATION_DETAILS_SETTINGS dat=package:com.android.todolist flg=0x10008000 cmp=com.android.settings/.applications.InstalledAppDetails }
2023-06-11 23:35:32.922  2565-11113 ImageWallpaper          com.miui.miwallpaper                 D  Top packge name is com.android.todolist, home package name is com.miui.home
2023-06-11 23:35:33.418 15578-15578 DecorView[]             com.android.todolist                 D  onWindowFocusChanged hasWindowFocus false
2023-06-11 23:35:33.512  3048-3397  RecentsModel            com.miui.home                        W  getRunningTask   taskInfo=TaskInfo{userId=0 taskId=21397 displayId=0 isRunning=true baseIntent=Intent { act=android.intent.action.MAIN cat=[android.intent.category.LAUNCHER] flg=0x10200000 cmp=com.android.todolist/.MainActivity } baseActivity=ComponentInfo{com.android.todolist/com.android.todolist.MainActivity} topActivity=ComponentInfo{com.android.todolist/com.android.todolist.MainActivity} origActivity=null realActivity=ComponentInfo{com.android.todolist/com.android.todolist.MainActivity} numActivities=1 lastActiveTime=88493279 supportsSplitScreenMultiWindow=true supportsMultiWindow=true resizeMode=1 isResizeable=true token=WCT{android.window.IWindowContainerToken$Stub$Proxy@23bc585} topActivityType=1 pictureInPictureParams=null displayCutoutSafeInsets=Rect(0, 49 - 0, 0) topActivityInfo=ActivityInfo{37fcfda com.android.todolist.MainActivity} launchCookies=[] positionInParent=Point(0, 0) parentTaskId=-1 isFocused=false isVisible=false topActivityInSizeCompat=false locusId= null windowMode=0}
2023-06-11 23:35:33.512  3048-3397  RecentsModel            com.miui.home                        W  getTaskInfoIgnoreHomeAndFreeform   taskInfo=ComponentInfo{com.android.todolist/com.android.todolist.MainActivity}
2023-06-11 23:35:33.518  3048-3397  ActivityManagerWrapper  com.miui.home                        E  getRecentTasks: taskId=21397   userId=0   baseIntent=Intent { act=android.intent.action.MAIN cat=[android.intent.category.LAUNCHER] flg=0x10200000 cmp=com.android.todolist/.MainActivity }
2023-06-11 23:35:33.518  3048-3397  ActivityManagerWrapper  com.miui.home                        E  getRecentTasks: taskId=21398   userId=0   baseIntent=Intent { act=android.settings.APPLICATION_DETAILS_SETTINGS dat=package:com.android.todolist flg=0x10008000 cmp=com.android.settings/.applications.InstalledAppDetails }
2023-06-11 23:35:34.093  8006-8139  ThermalInfoCollector    com.miui.powerkeeper                 I  collectForgroundAppsInfo: com.android.todolist
2023-06-11 23:35:58.174  1776-2369  WindowManager           system_server                        I  getCurrentTopActivityName >>> topActivityClassName = com.android.todolist.MainActivity
2023-06-11 23:35:58.174  1776-2369  WindowManager           system_server                        I  getCurrentTopActivityName >>> topActivityClassName = com.android.todolist.MainActivity
2023-06-11 23:35:58.224  1776-2450  CameraBooster           system_server                        I  skip camera boost for com.android.todolist
2023-06-11 23:35:58.259  1776-2369  WindowManager           system_server                        I  getCurrentTopActivityName >>> topActivityClassName = com.android.todolist.MainActivity
2023-06-11 23:35:58.259  1776-2369  WindowManager           system_server                        I  getCurrentTopActivityName >>> topActivityClassName = com.android.todolist.MainActivity
2023-06-11 23:35:59.416 15578-24150 AppScoutStateMachine    com.android.todolist                 D  15578-ScoutStateMachinecreated
2023-06-11 23:35:59.431  3048-3048  RecentsImpl             com.miui.home                        D  mActivityStateObserver com.android.todolist.MainActivity
2023-06-11 23:35:59.432  3048-3048  RecentsImpl             com.miui.home                        W  onResumed className=com.android.todolist.MainActivity   mIsInAnotherPro=false   isKeyguardLocked=true
2023-06-11 23:35:59.466  1776-3176  WindowManager           system_server                        D  finishDrawingLocked: mDrawState=COMMIT_DRAW_PENDING Window{de64380 u0 com.android.todolist/com.android.todolist.MainActivity} in Surface(name=com.android.todolist/com.android.todolist.MainActivity)/@0xa1370f9
2023-06-11 23:35:59.489  1776-2602  WindowManager           system_server                        D  Input focus has changed to Window{de64380 u0 com.android.todolist/com.android.todolist.MainActivity} display=0 updateInputWindows = true
2023-06-11 23:35:59.501  3048-3048  RecentsImpl             com.miui.home                        W  getTopActivity from observer.   cn=ComponentInfo{com.android.todolist/com.android.todolist.MainActivity}
2023-06-11 23:35:59.501  3048-3048  RecentsImpl             com.miui.home                        W  adaptToTopActivity   cn=ComponentInfo{com.android.todolist/com.android.todolist.MainActivity}
2023-06-11 23:35:59.507  3048-3048  RecentsImpl             com.miui.home                        W  onResumed className=com.android.todolist.MainActivity   mIsInAnotherPro=false   isKeyguardLocked=false
2023-06-11 23:35:59.559 15578-15578 DecorView[]             com.android.todolist                 D  onWindowFocusChanged hasWindowFocus true
2023-06-11 23:35:59.566  4518-4518  GoogleInpu...hodService com...gle.android.inputmethod.latin  I  GoogleInputMethodService.onStartInput():1917 onStartInput(EditorInfo{inputType=0x0(NULL) imeOptions=0x0 privateImeOptions=null actionName=UNSPECIFIED actionLabel=null actionId=0 initialSelStart=-1 initialSelEnd=-1 initialCapsMode=0x0 hintText=null label=null packageName=com.android.todolist fieldId=-1 fieldName=null extras=null hintLocales=[]}, false)
2023-06-11 23:36:05.678  1776-2368  MIUIInput               system_server                        D  [MotionEvent] publisher action=0x0, 70947997, channel 'de64380 com.android.todolist/com.android.todolist.MainActivity (server)'
2023-06-11 23:36:05.743  1776-2368  MIUIInput               system_server                        D  [MotionEvent] publisher action=0x1, 70948061, channel 'de64380 com.android.todolist/com.android.todolist.MainActivity (server)'
