06-11 22:42:40.237  1776  2195 W PackageManager: Freeze package com.android.todolist about 0.172 seconds for reason: installPackageLI
06-11 22:42:40.240  1776  2195 V BackupManagerService: [UserID:0] restoreAtInstall pkg=com.android.todolist token=7 restoreSet=0
06-11 22:42:40.241  1776  2195 I InstallationTiming: com.android.todolist|null|7460|1214|26|3847|2140|0
06-11 22:42:40.251  1776  2017 I MiuiCompatModePackages: package com.android.todolist updated, removing config
06-11 22:42:40.414  1776  1976 D CompanionDeviceManagerService: onPackageModified(packageName = com.android.todolist)
06-11 22:42:40.489  1776  2185 E VerityUtils: Failed to measure fs-verity, errno 1: /data/app/~~DUJqc1-YdGQ_T6CQ9d5-Og==/com.android.todolist-rkh__HQk--T5EIC3UTHL-w==/base.apk
06-11 22:42:41.050  1776  2602 W BroadcastQueue: Background execution not allowed: receiving Intent { act=android.intent.action.PACKAGE_ADDED dat=package:com.android.todolist flg=0x4000010 (has extras) } to com.lbe.security.miui/com.lbe.security.service.BootReceiver
06-11 22:42:41.051  1776  2024 W BroadcastQueue: Background execution not allowed: receiving Intent { act=android.intent.action.PACKAGE_ADDED dat=package:com.android.todolist flg=0x4000010 (has extras) } to com.drweb/.antivirus.lib.monitor.PackageInstallBroadcastReceiver
06-11 22:42:41.051  1776  2024 W BroadcastQueue: Background execution not allowed: receiving Intent { act=android.intent.action.PACKAGE_ADDED dat=package:com.android.todolist flg=0x4000010 (has extras) } to com.google.android.packageinstaller/com.android.packageinstaller.PackageInstalledReceiver
06-11 22:42:41.052  1776  2024 W BroadcastQueue: Background execution not allowed: receiving Intent { act=android.intent.action.PACKAGE_ADDED dat=package:com.android.todolist flg=0x4000010 (has extras) } to com.android.settings/.search.provider.UpdateReceiver
06-11 22:42:41.052  1776  2024 W BroadcastQueue: Background execution not allowed: receiving Intent { act=android.intent.action.PACKAGE_ADDED dat=package:com.android.todolist flg=0x4000010 (has extras) } to com.android.vending/com.google.android.finsky.packagemonitor.impl.PackageMonitorReceiverImpl$RegisteredReceiver
06-11 22:42:41.052  1776  2024 W BroadcastQueue: Background execution not allowed: receiving Intent { act=android.intent.action.PACKAGE_ADDED dat=package:com.android.todolist flg=0x4000010 (has extras) } to com.android.vending/com.google.android.finsky.packagemonitor.backgroundimpl.BackgroundPackageMonitorReceiverImpl$RegisteredReceiver
06-11 22:42:41.052  1776  2024 W BroadcastQueue: Background execution not allowed: receiving Intent { act=android.intent.action.PACKAGE_ADDED dat=package:com.android.todolist flg=0x4000010 (has extras) } to com.google.android.gms/.games.chimera.GamesSystemBroadcastReceiverProxy
06-11 22:42:41.052  1776  2024 W BroadcastQueue: Background execution not allowed: receiving Intent { act=android.intent.action.PACKAGE_ADDED dat=package:com.android.todolist flg=0x4000010 (has extras) } to com.google.android.gms/.gass.chimera.PackageChangeBroadcastReceiver
06-11 22:42:41.052  1776  2024 W BroadcastQueue: Background execution not allowed: receiving Intent { act=android.intent.action.PACKAGE_ADDED dat=package:com.android.todolist flg=0x4000010 (has extras) } to com.google.android.gms/.chimera.GmsIntentOperationService$PersistentTrustedReceiver
06-11 22:42:41.052  1776  2024 W BroadcastQueue: Background execution not allowed: receiving Intent { act=android.intent.action.PACKAGE_ADDED dat=package:com.android.todolist flg=0x4000010 (has extras) } to com.google.android.googlequicksearchbox/com.google.android.apps.gsa.googlequicksearchbox.GelStubAppWatcher
06-11 22:42:41.052  1776  2024 W BroadcastQueue: Background execution not allowed: receiving Intent { act=android.intent.action.PACKAGE_ADDED dat=package:com.android.todolist flg=0x4000010 (has extras) } to com.xiaomi.discover/com.xiaomi.market.data.MyPackageMonitor
06-11 22:42:41.052  1776  2024 W BroadcastQueue: Background execution not allowed: receiving Intent { act=android.intent.action.PACKAGE_ADDED dat=package:com.android.todolist flg=0x4000010 (has extras) } to com.xiaomi.misettings/.usagestats.AppTimerReceiver
06-11 22:42:41.052  1776  2024 W BroadcastQueue: Background execution not allowed: receiving Intent { act=android.intent.action.PACKAGE_ADDED dat=package:com.android.todolist flg=0x4000010 (has extras) } to com.yoosee/cn.jpush.android.service.PushReceiver
06-11 22:47:41.966  1776  4921 I ActivityTaskManager: START u0 {act=android.intent.action.MAIN cat=[android.intent.category.LAUNCHER] flg=0x10200000 cmp=com.android.todolist/.MainActivity bnds=[52,951][170,1069] (has extras)} from uid 10109 from pid 3048 callingPackage com.miui.home
06-11 22:47:42.028  1776  2025 D Boost   : hostingType=pre-top-activity, hostingName={com.android.todolist/com.android.todolist.MainActivity}, callerPackage=others, isSystem=true, isBoostNeeded=false.
06-11 22:47:42.032  1776  2025 I ActivityManager: Start proc 15578:com.android.todolist/u0a363 for pre-top-activity {com.android.todolist/com.android.todolist.MainActivity} caller=others
06-11 22:47:42.345 15578 15578 I ForceDarkHelperStubImpl: initialize for com.android.todolist , ForceDarkOrigin
06-11 22:47:42.625 15578 15578 W Looper  : PerfMonitor looperActivity : package=com.android.todolist/.MainActivity time=0ms latency=428ms running=0ms  procState=-1  historyMsgCount=4 (msgIndex=3 wall=161ms seq=3 late=13ms h=android.app.ActivityThread$H w=110) (msgIndex=4 wall=266ms seq=4 late=171ms h=android.app.ActivityThread$H w=159)
06-11 22:47:42.647  1776  3301 D WindowManager: Input focus has changed to Window{24f74fd u0 com.android.todolist/com.android.todolist.MainActivity} display=0 updateInputWindows = true
06-11 22:47:42.829  1776  3302 D WindowManager: finishDrawingLocked: mDrawState=COMMIT_DRAW_PENDING Window{24f74fd u0 com.android.todolist/com.android.todolist.MainActivity} in Surface(name=com.android.todolist/com.android.todolist.MainActivity)/@0xeac5816
06-11 22:47:46.090  1776  4946 D WindowManager: Input focus has changed to Window{1ac7b77 u0 com.android.todolist/com.android.todolist.MainActivity} display=0 updateInputWindows = false
06-11 22:47:46.198  1776  4729 D WindowManager: finishDrawingLocked: mDrawState=COMMIT_DRAW_PENDING Window{1ac7b77 u0 com.android.todolist/com.android.todolist.MainActivity} in Surface(name=com.android.todolist/com.android.todolist.MainActivity)/@0x1ca449
06-11 22:48:07.116 30011 30121 D test##>>: com.android.todolist=24-0.5823987286111111-1
06-11 22:52:13.449  1776  2450 I CameraBooster: skip camera boost for com.android.todolist
06-11 22:52:14.589  1776  4883 D WindowManager: Input focus has changed to Window{1ac7b77 u0 com.android.todolist/com.android.todolist.MainActivity} display=0 updateInputWindows = true
06-11 22:52:14.620  1776  4883 D WindowManager: finishDrawingLocked: mDrawState=COMMIT_DRAW_PENDING Window{24f74fd u0 com.android.todolist/com.android.todolist.MainActivity} in Surface(name=com.android.todolist/com.android.todolist.MainActivity)/@0x3f9ed26
06-11 22:52:14.624  1776  4883 D WindowManager: finishDrawingLocked: mDrawState=COMMIT_DRAW_PENDING Window{1ac7b77 u0 com.android.todolist/com.android.todolist.MainActivity} in Surface(name=com.android.todolist/com.android.todolist.MainActivity)/@0xc133714
06-11 22:54:17.550  1776  2450 I CameraBooster: skip camera boost for com.android.todolist
06-11 22:54:19.066  1776  4955 D WindowManager: finishDrawingLocked: mDrawState=COMMIT_DRAW_PENDING Window{24f74fd u0 com.android.todolist/com.android.todolist.MainActivity} in Surface(name=com.android.todolist/com.android.todolist.MainActivity)/@0xf31577
06-11 22:54:19.068  1776  4951 D WindowManager: finishDrawingLocked: mDrawState=COMMIT_DRAW_PENDING Window{1ac7b77 u0 com.android.todolist/com.android.todolist.MainActivity} in Surface(name=com.android.todolist/com.android.todolist.MainActivity)/@0x91495e4
06-11 22:54:19.089  1776  4729 D WindowManager: Input focus has changed to Window{1ac7b77 u0 com.android.todolist/com.android.todolist.MainActivity} display=0 updateInputWindows = true
06-11 22:56:10.597  1776  2450 I CameraBooster: skip camera boost for com.android.todolist
06-11 22:56:12.053  1776  4485 D WindowManager: Input focus has changed to Window{1ac7b77 u0 com.android.todolist/com.android.todolist.MainActivity} display=0 updateInputWindows = true
06-11 22:56:12.064  1776  4951 D WindowManager: finishDrawingLocked: mDrawState=COMMIT_DRAW_PENDING Window{24f74fd u0 com.android.todolist/com.android.todolist.MainActivity} in Surface(name=com.android.todolist/com.android.todolist.MainActivity)/@0x77296a1
06-11 22:56:12.085  1776  4951 D WindowManager: finishDrawingLocked: mDrawState=COMMIT_DRAW_PENDING Window{1ac7b77 u0 com.android.todolist/com.android.todolist.MainActivity} in Surface(name=com.android.todolist/com.android.todolist.MainActivity)/@0x496c352
06-11 22:59:22.300  1776  2450 I CameraBooster: skip camera boost for com.android.todolist
06-11 22:59:23.539  1776  4917 D WindowManager: finishDrawingLocked: mDrawState=COMMIT_DRAW_PENDING Window{24f74fd u0 com.android.todolist/com.android.todolist.MainActivity} in Surface(name=com.android.todolist/com.android.todolist.MainActivity)/@0x471dbe5
06-11 22:59:23.545  1776  4917 D WindowManager: finishDrawingLocked: mDrawState=COMMIT_DRAW_PENDING Window{1ac7b77 u0 com.android.todolist/com.android.todolist.MainActivity} in Surface(name=com.android.todolist/com.android.todolist.MainActivity)/@0xd9896ba
06-11 22:59:23.569  1776  2891 D WindowManager: Input focus has changed to Window{1ac7b77 u0 com.android.todolist/com.android.todolist.MainActivity} display=0 updateInputWindows = true
06-11 23:00:01.063  1776  2450 I CameraBooster: skip camera boost for com.android.todolist
06-11 23:00:12.848 30011 30121 D test##>>: com.android.todolist=164-2.0806137147222223-0
06-11 23:00:48.085  1776  2450 I CameraBooster: skip camera boost for com.android.todolist
06-11 23:00:49.053  1776  4913 I WindowManager: finishDrawing of relaunch: Window{2ffef48 u0 Splash Screen com.android.todolist} 74ms
06-11 23:00:49.234  1776  3303 D WindowManager: Input focus has changed to Window{f4f6cdd u0 com.android.todolist/com.android.todolist.MainActivity} display=0 updateInputWindows = false
06-11 23:00:49.374  1776  3303 D WindowManager: finishDrawingLocked: mDrawState=COMMIT_DRAW_PENDING Window{4472a4c u0 com.android.todolist/com.android.todolist.MainActivity} in Surface(name=com.android.todolist/com.android.todolist.MainActivity)/@0x9627aa
06-11 23:00:49.448  1776  3303 D WindowManager: finishDrawingLocked: mDrawState=COMMIT_DRAW_PENDING Window{f4f6cdd u0 com.android.todolist/com.android.todolist.MainActivity} in Surface(name=com.android.todolist/com.android.todolist.MainActivity)/@0x551a713
06-11 23:00:49.467  1776  4729 D WindowManager: Input focus has changed to Window{4472a4c u0 com.android.todolist/com.android.todolist.MainActivity} display=0 updateInputWindows = true
06-11 23:00:49.589  1776  4728 D WindowManager: Input focus has changed to Window{a5ede3f u0 com.android.todolist/com.android.todolist.MainActivity} display=0 updateInputWindows = false
06-11 23:00:49.691  1776  3125 D WindowManager: finishDrawingLocked: mDrawState=COMMIT_DRAW_PENDING Window{fb7a7a4 u0 com.android.todolist/com.android.todolist.MainActivity} in Surface(name=com.android.todolist/com.android.todolist.MainActivity)/@0xba011a5
06-11 23:00:49.693  1776  3125 D WindowManager: finishDrawingLocked: mDrawState=COMMIT_DRAW_PENDING Window{a5ede3f u0 com.android.todolist/com.android.todolist.MainActivity} in Surface(name=com.android.todolist/com.android.todolist.MainActivity)/@0x325f97a
06-11 23:00:49.723  1776  1980 I WindowManager: Screen frozen for +340ms due to Window{2ffef48 u0 Splash Screen com.android.todolist}
06-11 23:00:51.797  1776  1977 I WindowManager: rotation changed from 0 to 1 due ActivityRecord{e5cd28f u0 com.android.todolist/.MainActivity t21397}
06-11 23:00:52.200  1776  4526 D WindowManager: Input focus has changed to Window{fb7a7a4 u0 com.android.todolist/com.android.todolist.MainActivity} display=0 updateInputWindows = true
06-11 23:00:52.312  1776  4728 D WindowManager: Input focus has changed to Window{cc43af4 u0 com.android.todolist/com.android.todolist.MainActivity} display=0 updateInputWindows = false
06-11 23:00:52.413  1776  2875 I WindowManager: finishDrawing of relaunch: Window{8754319 u0 com.android.todolist/com.android.todolist.MainActivity} 231ms
06-11 23:00:52.413  1776  2875 D WindowManager: finishDrawingLocked: mDrawState=COMMIT_DRAW_PENDING Window{8754319 u0 com.android.todolist/com.android.todolist.MainActivity} in Surface(name=com.android.todolist/com.android.todolist.MainActivity)/@0xe23a5bf
06-11 23:00:52.423  1776  2875 D WindowManager: finishDrawingLocked: mDrawState=COMMIT_DRAW_PENDING Window{cc43af4 u0 com.android.todolist/com.android.todolist.MainActivity} in Surface(name=com.android.todolist/com.android.todolist.MainActivity)/@0x267f48c
06-11 23:00:52.447  1776  1980 I WindowManager: Screen frozen for +647ms due to Window{cc43af4 u0 com.android.todolist/com.android.todolist.MainActivity}
06-11 23:03:20.331 30011 30121 D test##>>: com.android.todolist=195-2.3377441005555557-0
06-11 23:14:08.118 15578 15578 W Activity: PerfMonitor: Slow Operation: Activity com.android.todolist/.MainActivity onStart took 138ms
06-11 23:14:08.257  1776  1977 D WindowManager: Input focus has changed to Window{e96ef68 u0 com.android.todolist/com.android.todolist.MainActivity} display=0 updateInputWindows = true
06-11 23:14:08.284  1776  4921 I WindowManager: finishDrawing of relaunch: Window{de64380 u0 com.android.todolist/com.android.todolist.MainActivity} 617ms
06-11 23:14:08.284  1776  4921 D WindowManager: finishDrawingLocked: mDrawState=COMMIT_DRAW_PENDING Window{de64380 u0 com.android.todolist/com.android.todolist.MainActivity} in Surface(name=com.android.todolist/com.android.todolist.MainActivity)/@0x1481012
06-11 23:14:08.287  1776  4921 D WindowManager: finishDrawingLocked: mDrawState=COMMIT_DRAW_PENDING Window{e96ef68 u0 com.android.todolist/com.android.todolist.MainActivity} in Surface(name=com.android.todolist/com.android.todolist.MainActivity)/@0x8083e3
06-11 23:14:29.666  1776  3301 D WindowManager: Input focus has changed to Window{de64380 u0 com.android.todolist/com.android.todolist.MainActivity} display=0 updateInputWindows = false
06-11 23:17:38.550  1776  2450 I CameraBooster: skip camera boost for com.android.todolist
06-11 23:17:39.529  1776  4917 D WindowManager: finishDrawingLocked: mDrawState=COMMIT_DRAW_PENDING Window{de64380 u0 com.android.todolist/com.android.todolist.MainActivity} in Surface(name=com.android.todolist/com.android.todolist.MainActivity)/@0xa6efa65
06-11 23:17:39.562  1776  3300 D WindowManager: Input focus has changed to Window{de64380 u0 com.android.todolist/com.android.todolist.MainActivity} display=0 updateInputWindows = true
06-11 23:17:57.293  1776  3300 D WindowManager: Input focus has changed to Window{d3a39f2 u0 com.android.todolist/com.android.todolist.MainActivity} display=0 updateInputWindows = false
06-11 23:17:57.402  1776  4921 D WindowManager: finishDrawingLocked: mDrawState=COMMIT_DRAW_PENDING Window{d3a39f2 u0 com.android.todolist/com.android.todolist.MainActivity} in Surface(name=com.android.todolist/com.android.todolist.MainActivity)/@0x7e53c16
06-11 23:18:03.631  1776  4946 D WindowManager: Input focus has changed to Window{de64380 u0 com.android.todolist/com.android.todolist.MainActivity} display=0 updateInputWindows = false
06-11 23:18:05.359  1776  4539 D PerfShielderService: com.android.todolist|com.android.todolist/com.android.todolist.MainActivity|187|70250606395179|153|3|2
06-11 23:18:05.360  4915  8342 W MiuiPerfServiceClient: interceptAndQueuing:15578|com.android.todolist|187|153|70250606395179|Slow handle traversal|2
06-11 23:20:35.014 30011 30121 D test##>>: com.android.todolist=302-3.2407281400000003-0
06-11 23:21:04.621  1776  2450 I CameraBooster: skip camera boost for com.android.todolist
06-11 23:23:20.029  1776  5201 D WindowManager: finishDrawingLocked: mDrawState=COMMIT_DRAW_PENDING Window{de64380 u0 com.android.todolist/com.android.todolist.MainActivity} in Surface(name=com.android.todolist/com.android.todolist.MainActivity)/@0x7aa0a50
06-11 23:23:20.341  1776  1977 D WindowManager: Input focus has changed to Window{de64380 u0 com.android.todolist/com.android.todolist.MainActivity} display=0 updateInputWindows = true
06-11 23:23:21.610  1776  4478 D WindowManager: Input focus has changed to Window{cf7f237 u0 com.android.todolist/com.android.todolist.MainActivity} display=0 updateInputWindows = false
06-11 23:23:21.684  1776  4957 D WindowManager: finishDrawingLocked: mDrawState=COMMIT_DRAW_PENDING Window{cf7f237 u0 com.android.todolist/com.android.todolist.MainActivity} in Surface(name=com.android.todolist/com.android.todolist.MainActivity)/@0xede6509
06-11 23:23:24.942  1776  4957 D WindowManager: Input focus has changed to Window{de64380 u0 com.android.todolist/com.android.todolist.MainActivity} display=0 updateInputWindows = false
06-11 23:23:26.883  1776  3125 I ActivityTaskManager: moveTaskToBack: Task{f47691c #21397 type=standard A=10363:com.android.todolist U=0 visible=true mode=fullscreen translucent=false sz=1}
06-11 23:25:23.660  1776  3301 I ActivityTaskManager: START u0 {act=android.intent.action.MAIN cat=[android.intent.category.LAUNCHER] flg=0x10200000 cmp=com.android.todolist/.MainActivity bnds=[50,948][168,1066] (has extras)} from uid 10109 from pid 3048 callingPackage com.miui.home
06-11 23:25:23.764  1776  4921 D WindowManager: Input focus has changed to Window{de64380 u0 com.android.todolist/com.android.todolist.MainActivity} display=0 updateInputWindows = true
06-11 23:25:23.779  1776  4921 D WindowManager: finishDrawingLocked: mDrawState=COMMIT_DRAW_PENDING Window{de64380 u0 com.android.todolist/com.android.todolist.MainActivity} in Surface(name=com.android.todolist/com.android.todolist.MainActivity)/@0xfa1083f
06-11 23:25:28.414  1776  3301 I ActivityTaskManager: START u0 {cmp=com.android.todolist/.ListActivity (has extras)} from uid 10363 from pid 15578 callingPackage com.android.todolist
06-11 23:25:28.446  1776  3301 I ActivityTaskManager: The Process com.android.todolist Already Exists in BG. So sending its PID: 15578
06-11 23:25:28.624  1776  3301 D WindowManager: Input focus has changed to Window{1b231e8 u0 com.android.todolist/com.android.todolist.ListActivity} display=0 updateInputWindows = true
06-11 23:25:28.640  1776  4917 D WindowManager: finishDrawingLocked: mDrawState=COMMIT_DRAW_PENDING Window{1b231e8 u0 com.android.todolist/com.android.todolist.ListActivity} in Surface(name=com.android.todolist/com.android.todolist.ListActivity)/@0xa5e9483
06-11 23:25:29.064  1776  4883 D PerfShielderService: com.android.todolist|com.android.todolist/com.android.todolist.MainActivity|327|70495519151388|156|0|4
06-11 23:25:29.065  4915 29052 W MiuiPerfServiceClient: interceptAndQueuing:15578|com.android.todolist|327|156|70495519151388|Slow main thread|4
06-11 23:25:29.142  1776  1980 D WindowManager: shouldDeferAnimationFinish ActivityRecord{390f71e u0 com.android.todolist/.ListActivity t21397}, anim = com.android.server.wm.LocalAnimationAdapter@ab7d56
06-11 23:25:30.627  1776  3301 W NotificationService: Toast already killed. pkg=com.android.todolist token=android.os.BinderProxy@3d9cfbf
06-11 23:25:32.099  1776  4883 D WindowManager: Input focus has changed to Window{10bf7b7 u0 com.android.todolist/com.android.todolist.ListActivity} display=0 updateInputWindows = false
06-11 23:25:32.214  1776  4883 D WindowManager: finishDrawingLocked: mDrawState=COMMIT_DRAW_PENDING Window{10bf7b7 u0 com.android.todolist/com.android.todolist.ListActivity} in Surface(name=com.android.todolist/com.android.todolist.ListActivity)/@0xe363e89
06-11 23:25:33.336  1776  4478 D WindowManager: Input focus has changed to Window{1b231e8 u0 com.android.todolist/com.android.todolist.ListActivity} display=0 updateInputWindows = false
06-11 23:25:35.147  1776  4478 D WindowManager: Input focus has changed to Window{de64380 u0 com.android.todolist/com.android.todolist.MainActivity} display=0 updateInputWindows = true
06-11 23:25:35.156  1776  4478 D WindowManager: finishDrawingLocked: mDrawState=COMMIT_DRAW_PENDING Window{de64380 u0 com.android.todolist/com.android.todolist.MainActivity} in Surface(name=com.android.todolist/com.android.todolist.MainActivity)/@0xd509b68
06-11 23:25:35.674  1776  1980 D WindowManager: shouldDeferAnimationFinish ActivityRecord{390f71e u0 com.android.todolist/.ListActivity t21397 f}}, anim = com.android.server.wm.LocalAnimationAdapter@ca96f80
06-11 23:25:37.437  1776  4921 I ActivityTaskManager: START u0 {cmp=com.android.todolist/.ListActivity (has extras)} from uid 10363 from pid 15578 callingPackage com.android.todolist
06-11 23:25:37.466  1776  4921 I ActivityTaskManager: The Process com.android.todolist Already Exists in BG. So sending its PID: 15578
06-11 23:25:37.536  1776  4921 D WindowManager: Input focus has changed to Window{70cce2f u0 com.android.todolist/com.android.todolist.ListActivity} display=0 updateInputWindows = true
06-11 23:25:37.550  1776  4921 D WindowManager: finishDrawingLocked: mDrawState=COMMIT_DRAW_PENDING Window{70cce2f u0 com.android.todolist/com.android.todolist.ListActivity} in Surface(name=com.android.todolist/com.android.todolist.ListActivity)/@0x509a141
06-11 23:25:38.075  1776  1980 D WindowManager: shouldDeferAnimationFinish ActivityRecord{7550555 u0 com.android.todolist/.ListActivity t21397}, anim = com.android.server.wm.LocalAnimationAdapter@1ad3c6c
06-11 23:25:39.496  1776  4921 W NotificationService: Toast already killed. pkg=com.android.todolist token=android.os.BinderProxy@6636ad2
06-11 23:25:45.033  1776  4921 D WindowManager: Input focus has changed to Window{70cce2f u0 com.android.todolist/com.android.todolist.ListActivity} display=0 updateInputWindows = true
06-11 23:25:47.994  1776  4883 D WindowManager: Input focus has changed to Window{b2eb383 u0 com.android.todolist/com.android.todolist.ListActivity} display=0 updateInputWindows = false
06-11 23:25:48.099  1776  4883 D WindowManager: finishDrawingLocked: mDrawState=COMMIT_DRAW_PENDING Window{b2eb383 u0 com.android.todolist/com.android.todolist.ListActivity} in Surface(name=com.android.todolist/com.android.todolist.ListActivity)/@0xf213bf5
06-11 23:25:49.197  1776  3301 D WindowManager: Input focus has changed to Window{70cce2f u0 com.android.todolist/com.android.todolist.ListActivity} display=0 updateInputWindows = false
06-11 23:25:50.246  1776  3301 D WindowManager: Input focus has changed to Window{de64380 u0 com.android.todolist/com.android.todolist.MainActivity} display=0 updateInputWindows = true
06-11 23:25:50.255  1776  3301 D WindowManager: finishDrawingLocked: mDrawState=COMMIT_DRAW_PENDING Window{de64380 u0 com.android.todolist/com.android.todolist.MainActivity} in Surface(name=com.android.todolist/com.android.todolist.MainActivity)/@0xde80cc1
06-11 23:25:50.774  1776  1980 D WindowManager: shouldDeferAnimationFinish ActivityRecord{e5cd28f u0 com.android.todolist/.MainActivity t21397}, anim = com.android.server.wm.LocalAnimationAdapter@cc092f9
06-11 23:30:39.945  1776  2369 I WindowManager: getCurrentTopActivityName >>> topActivityClassName = com.android.todolist.MainActivity
06-11 23:30:39.946  1776  2369 I WindowManager: getCurrentTopActivityName >>> topActivityClassName = com.android.todolist.MainActivity
06-11 23:30:39.982  1776  2450 I CameraBooster: skip camera boost for com.android.todolist
06-11 23:30:40.087  1776  2369 I WindowManager: getCurrentTopActivityName >>> topActivityClassName = com.android.todolist.MainActivity
06-11 23:30:40.088  1776  2369 I WindowManager: getCurrentTopActivityName >>> topActivityClassName = com.android.todolist.MainActivity
06-11 23:30:41.044  3048  3048 D RecentsImpl: mActivityStateObserver com.android.todolist.MainActivity
06-11 23:30:41.045  3048  3048 W RecentsImpl: onResumed className=com.android.todolist.MainActivity   mIsInAnotherPro=false   isKeyguardLocked=true
06-11 23:30:41.070  1776  4526 D WindowManager: finishDrawingLocked: mDrawState=COMMIT_DRAW_PENDING Window{de64380 u0 com.android.todolist/com.android.todolist.MainActivity} in Surface(name=com.android.todolist/com.android.todolist.MainActivity)/@0x471710c
06-11 23:30:41.095  3048  3048 W RecentsImpl: getTopActivity from observer.   cn=ComponentInfo{com.android.todolist/com.android.todolist.MainActivity}
06-11 23:30:41.095  3048  3048 W RecentsImpl: adaptToTopActivity   cn=ComponentInfo{com.android.todolist/com.android.todolist.MainActivity}
06-11 23:30:41.096  3048  3048 W RecentsImpl: onResumed className=com.android.todolist.MainActivity   mIsInAnotherPro=false   isKeyguardLocked=false
06-11 23:30:41.106  1776  4539 D WindowManager: Input focus has changed to Window{de64380 u0 com.android.todolist/com.android.todolist.MainActivity} display=0 updateInputWindows = true
06-11 23:30:41.208  4518  4518 I GoogleInputMethodService: GoogleInputMethodService.onStartInput():1917 onStartInput(EditorInfo{inputType=0x0(NULL) imeOptions=0x0 privateImeOptions=null actionName=UNSPECIFIED actionLabel=null actionId=0 initialSelStart=-1 initialSelEnd=-1 initialCapsMode=0x0 hintText=null label=null packageName=com.android.todolist fieldId=-1 fieldName=null extras=null hintLocales=[]}, false)
06-11 23:30:41.323 15578 15632 W RenderInspector: DequeueBuffer time out on com.android.todolist/com.android.todolist.MainActivity, count=1, avg=17 ms, max=17 ms.
06-11 23:30:43.371  1776  4951 I WindowManager: getCurrentTopActivityName >>> topActivityClassName = com.android.todolist.MainActivity
06-11 23:30:43.380  1776  2368 D MIUIInput: [KeyEvent] publisher action:0x0,  keyCode:4 , 70662660,channel 'de64380 com.android.todolist/com.android.todolist.MainActivity (server)' 
06-11 23:30:43.390 15578 15578 D MIUIInput: [KeyEvent] ViewRootImpl windowName 'com.android.todolist/com.android.todolist.MainActivity', KeyEvent { action=ACTION_DOWN, keyCode=KEYCODE_BACK, scanCode=0, metaState=0, flags=0x48, repeatCount=0, eventTime=70662660, downTime=70662660, deviceId=-1, source=0x101, displayId=0 }, phoneEventTime=23:30:43.364
06-11 23:30:43.499  1776  4946 I WindowManager: getCurrentTopActivityName >>> topActivityClassName = com.android.todolist.MainActivity
06-11 23:30:43.504  1776  2368 D MIUIInput: [KeyEvent] publisher action:0x1,  keyCode:4 , 70662789,channel 'de64380 com.android.todolist/com.android.todolist.MainActivity (server)' 
06-11 23:30:43.514 15578 15578 D MIUIInput: [KeyEvent] ViewRootImpl windowName 'com.android.todolist/com.android.todolist.MainActivity', KeyEvent { action=ACTION_UP, keyCode=KEYCODE_BACK, scanCode=0, metaState=0, flags=0x48, repeatCount=0, eventTime=70662789, downTime=70662660, deviceId=-1, source=0x101, displayId=0 }, phoneEventTime=23:30:43.493
06-11 23:30:43.521  1776  4946 I ActivityTaskManager: moveTaskToBack: Task{f47691c #21397 type=standard A=10363:com.android.todolist U=0 visible=true mode=fullscreen translucent=false sz=1}
06-11 23:30:43.553  9895  9909 I GST     : forePkg: com.miui.home, preForePkg: com.android.todolist
06-11 23:30:43.553  3048  4546 D AppObserver: ForegroundInfo{mForegroundPackageName='com.miui.home', mForegroundUid=10109, mForegroundPid=3048, mLastForegroundPackageName='com.android.todolist', mLastForegroundUid=10363, mLastForegroundPid=15578, mMultiWindowForegroundPackageName='com.miui.home', mMultiWindowForegroundUid=10109, mFlags=0}
06-11 23:30:43.553  8006  8139 I ThermalInfoCollector: collectForgroundAppsInfo: com.android.todolist
06-11 23:30:43.553  8006 13459 D PerfEngineController: ForegroundInfo{mForegroundPackageName='com.miui.home', mForegroundUid=10109, mForegroundPid=3048, mLastForegroundPackageName='com.android.todolist', mLastForegroundUid=10363, mLastForegroundPid=15578, mMultiWindowForegroundPackageName='com.miui.home', mMultiWindowForegroundUid=10109, mFlags=0}
06-11 23:30:43.553 30011  5767 I ProcessMonitor: onForegroundInfoChanged: ForegroundInfo{mForegroundPackageName='com.miui.home', mForegroundUid=10109, mForegroundPid=3048, mLastForegroundPackageName='com.android.todolist', mLastForegroundUid=10363, mLastForegroundPid=15578, mMultiWindowForegroundPackageName='com.miui.home', mMultiWindowForegroundUid=10109, mFlags=0}
06-11 23:30:43.646  3048  3397 E ActivityManagerWrapper: getRecentTasks: taskId=21397   userId=0   baseIntent=Intent { act=android.intent.action.MAIN cat=[android.intent.category.LAUNCHER] flg=0x10200000 cmp=com.android.todolist/.MainActivity }
06-11 23:30:45.014  3048  3048 D Launcher.CellLayout: touch item:ShortcutInfo, id=145, itemType=0, user=UserHandle{0}, mIconType=0, pkgName=com.android.todolist, className=com.android.todolist.MainActivity, screenId=4, container=-100, cellX=0, cellY=4, spanX=1, spanY=1
06-11 23:30:45.326  3048  3048 D Launcher.CellLayout: updateCellOccupiedMarks, remove, ShortcutInfo, id=145, itemType=0, user=UserHandle{0}, mIconType=0, pkgName=com.android.todolist, className=com.android.todolist.MainActivity, screenId=4, container=-100, cellX=0, cellY=4, spanX=1, spanY=1
06-11 23:30:45.328  3048  3048 D Launcher_DragView: new DragView:ShortcutInfo, id=145, itemType=0, user=UserHandle{0}, mIconType=0, pkgName=com.android.todolist, className=com.android.todolist.MainActivity
06-11 23:30:45.334  3048  3048 D Launcher.CellLayout: updateCellOccupiedMarks, remove, ShortcutInfo, id=145, itemType=0, user=UserHandle{0}, mIconType=0, pkgName=com.android.todolist, className=com.android.todolist.MainActivity, screenId=4, container=-100, cellX=0, cellY=4, spanX=1, spanY=1
06-11 23:30:45.945  3048  3048 D Launcher.DragController: drop, from=ShortcutInfo, id=145, itemType=0, user=UserHandle{0}, mIconType=0, pkgName=com.android.todolist, className=com.android.todolist.MainActivity, screenId=4, container=-100, cellX=0, cellY=4, spanX=1, spanY=1
06-11 23:30:45.946  3048  3048 D Launcher.CellLayout: updateCellOccupiedMarks, update, ShortcutInfo, id=145, itemType=0, user=UserHandle{0}, mIconType=0, pkgName=com.android.todolist, className=com.android.todolist.MainActivity, screenId=4, container=-100, cellX=0, cellY=4, spanX=1, spanY=1
06-11 23:30:45.948  3048  3048 D Launcher.DragController: drop succeed, to ShortcutInfo, id=145, itemType=0, user=UserHandle{0}, mIconType=0, pkgName=com.android.todolist, className=com.android.todolist.MainActivity, screenId=4, container=-100, cellX=0, cellY=4, spanX=1, spanY=1
06-11 23:30:45.949  3048  3048 D Launcher.CellLayout: saveCurrentLayout, info=ShortcutInfo, id=145, itemType=0, user=UserHandle{0}, mIconType=0, pkgName=com.android.todolist, className=com.android.todolist.MainActivity, screenId=4, container=-100, cellX=0, cellY=4, spanX=1, spanY=1
06-11 23:30:45.951  3048  3048 D Launcher.ShortcutMenu: show shortcut menu when drop, pkgName=com.android.todolist
06-11 23:30:46.876  3048  3048 D Launcher.ShortcutMenu: click shortcut menu app details info, pkg=com.android.todolist
06-11 23:30:46.878  1776  3125 I ActivityTaskManager: START u0 {act=android.settings.APPLICATION_DETAILS_SETTINGS dat=package:com.android.todolist flg=0x10008000 cmp=com.android.settings/.applications.InstalledAppDetails (has extras)} from uid 10109 from pid 3048 callingPackage com.miui.home
06-11 23:30:46.937  3048  3048 D Launcher.ShortcutMenu: hide ShortcutMenu, pkgName=com.android.todolist, reason=null
06-11 23:30:47.019  3048  3397 W RecentsModel: getRunningTask   taskInfo=TaskInfo{userId=0 taskId=21398 displayId=0 isRunning=true baseIntent=Intent { act=android.settings.APPLICATION_DETAILS_SETTINGS dat=package:com.android.todolist flg=0x10008000 cmp=com.android.settings/.applications.InstalledAppDetails } baseActivity=ComponentInfo{com.android.settings/com.android.settings.applications.InstalledAppDetails} topActivity=ComponentInfo{com.android.settings/com.android.settings.applications.InstalledAppDetailsTop} origActivity=ComponentInfo{com.android.settings/com.android.settings.applications.InstalledAppDetails} realActivity=ComponentInfo{com.android.settings/com.android.settings.applications.InstalledAppDetailsTop} numActivities=1 lastActiveTime=88206788 supportsSplitScreenMultiWindow=true supportsMultiWindow=true resizeMode=1 isResizeable=true token=WCT{android.window.IWindowContainerToken$Stub$Proxy@45fad59} topActivityType=1 pictureInPictureParams=PictureInPictureParams( aspectRatio=null sourceRectHint=null hasSetActions=false isAutoPipEnabled=false isSeamlessResizeEnabled=true) displayCutoutSafeInsets=Rect(0, 49 - 0, 0) topActivityInfo=ActivityInfo{f641d1e com.android.settings.applications.InstalledAppDetails} launchCookies=[] positionInParent=Point(0, 0) parentTaskId=-1 isFocused=false isVisible=true topActivityInSizeCompat=false locusId= null windowMode=0}
06-11 23:30:47.021  3048  3397 E ActivityManagerWrapper: getRecentTasks: taskId=21398   userId=0   baseIntent=Intent { act=android.settings.APPLICATION_DETAILS_SETTINGS dat=package:com.android.todolist flg=0x10008000 cmp=com.android.settings/.applications.InstalledAppDetails }
06-11 23:30:47.021  3048  3397 E ActivityManagerWrapper: getRecentTasks: taskId=21397   userId=0   baseIntent=Intent { act=android.intent.action.MAIN cat=[android.intent.category.LAUNCHER] flg=0x10200000 cmp=com.android.todolist/.MainActivity }
06-11 23:30:47.655  3048  3397 W RecentsModel: getRunningTask   taskInfo=TaskInfo{userId=0 taskId=21398 displayId=0 isRunning=true baseIntent=Intent { act=android.settings.APPLICATION_DETAILS_SETTINGS dat=package:com.android.todolist flg=0x10008000 cmp=com.android.settings/.applications.InstalledAppDetails } baseActivity=ComponentInfo{com.miui.securitycenter/com.miui.appmanager.ApplicationsDetailsActivity} topActivity=ComponentInfo{com.miui.securitycenter/com.miui.appmanager.ApplicationsDetailsActivity} origActivity=ComponentInfo{com.android.settings/com.android.settings.applications.InstalledAppDetails} realActivity=ComponentInfo{com.android.settings/com.android.settings.applications.InstalledAppDetailsTop} numActivities=1 lastActiveTime=88207424 supportsSplitScreenMultiWindow=true supportsMultiWindow=true resizeMode=1 isResizeable=true token=WCT{android.window.IWindowContainerToken$Stub$Proxy@5d4c615} topActivityType=1 pictureInPictureParams=PictureInPictureParams( aspectRatio=null sourceRectHint=null hasSetActions=false isAutoPipEnabled=false isSeamlessResizeEnabled=true) displayCutoutSafeInsets=Rect(0, 49 - 0, 0) topActivityInfo=ActivityInfo{930ed2a com.miui.appmanager.ApplicationsDetailsActivity} launchCookies=[] positionInParent=Point(0, 0) parentTaskId=-1 isFocused=false isVisible=true topActivityInSizeCompat=false locusId= null windowMode=0}
06-11 23:30:47.657  3048  3397 E ActivityManagerWrapper: getRecentTasks: taskId=21398   userId=0   baseIntent=Intent { act=android.settings.APPLICATION_DETAILS_SETTINGS dat=package:com.android.todolist flg=0x10008000 cmp=com.android.settings/.applications.InstalledAppDetails }
06-11 23:30:47.657  3048  3397 E ActivityManagerWrapper: getRecentTasks: taskId=21397   userId=0   baseIntent=Intent { act=android.intent.action.MAIN cat=[android.intent.category.LAUNCHER] flg=0x10200000 cmp=com.android.todolist/.MainActivity }
06-11 23:30:48.022 23281 23345 D IconCustomizer: Generate customized icon for com.android.todolist.png
06-11 23:30:48.335 23281 23340 D test##>>: com.android.todolist=369-3.839155817777778-0
06-11 23:30:54.087 30011 27839 I NAProvider: queryWifiRule packageName:com.android.todolist
06-11 23:30:54.126 30011 27839 I NAProvider: queryMobileRule packageName:com.android.todolist
06-11 23:31:11.560  3048  3397 W RecentsModel: getRunningTask   taskInfo=TaskInfo{userId=0 taskId=21398 displayId=0 isRunning=true baseIntent=Intent { act=android.settings.APPLICATION_DETAILS_SETTINGS dat=package:com.android.todolist flg=0x10008000 cmp=com.android.settings/.applications.InstalledAppDetails } baseActivity=ComponentInfo{com.miui.securitycenter/com.miui.appmanager.ApplicationsDetailsActivity} topActivity=ComponentInfo{com.miui.securitycenter/com.miui.appmanager.AMAppInfomationActivity} origActivity=ComponentInfo{com.android.settings/com.android.settings.applications.InstalledAppDetails} realActivity=ComponentInfo{com.android.settings/com.android.settings.applications.InstalledAppDetailsTop} numActivities=2 lastActiveTime=88231328 supportsSplitScreenMultiWindow=true supportsMultiWindow=true resizeMode=1 isResizeable=true token=WCT{android.window.IWindowContainerToken$Stub$Proxy@ae15e01} topActivityType=1 pictureInPictureParams=PictureInPictureParams( aspectRatio=null sourceRectHint=null hasSetActions=false isAutoPipEnabled=false isSeamlessResizeEnabled=true) displayCutoutSafeInsets=null topActivityInfo=ActivityInfo{25f84a6 com.miui.appmanager.AMAppInfomationActivity} launchCookies=[] positionInParent=Point(0, 0) parentTaskId=-1 isFocused=true isVisible=true topActivityInSizeCompat=false locusId= null windowMode=0}
06-11 23:31:11.561  3048  3397 E ActivityManagerWrapper: getRecentTasks: taskId=21398   userId=0   baseIntent=Intent { act=android.settings.APPLICATION_DETAILS_SETTINGS dat=package:com.android.todolist flg=0x10008000 cmp=com.android.settings/.applications.InstalledAppDetails }
06-11 23:31:11.561  3048  3397 E ActivityManagerWrapper: getRecentTasks: taskId=21397   userId=0   baseIntent=Intent { act=android.intent.action.MAIN cat=[android.intent.category.LAUNCHER] flg=0x10200000 cmp=com.android.todolist/.MainActivity }
06-11 23:31:39.011  3048  3397 E ActivityManagerWrapper: getRecentTasks: taskId=21398   userId=0   baseIntent=Intent { act=android.settings.APPLICATION_DETAILS_SETTINGS dat=package:com.android.todolist flg=0x10008000 cmp=com.android.settings/.applications.InstalledAppDetails }
06-11 23:31:39.011  3048  3397 E ActivityManagerWrapper: getRecentTasks: taskId=21397   userId=0   baseIntent=Intent { act=android.intent.action.MAIN cat=[android.intent.category.LAUNCHER] flg=0x10200000 cmp=com.android.todolist/.MainActivity }
06-11 23:31:39.948  3048  3048 D Launcher.CellLayout: touch item:ShortcutInfo, id=145, itemType=0, user=UserHandle{0}, mIconType=0, pkgName=com.android.todolist, className=com.android.todolist.MainActivity, screenId=4, container=-100, cellX=0, cellY=4, spanX=1, spanY=1
06-11 23:31:40.034  1776  4954 I ActivityTaskManager: START u0 {act=android.intent.action.MAIN cat=[android.intent.category.LAUNCHER] flg=0x10200000 cmp=com.android.todolist/.MainActivity bnds=[51,949][169,1067] (has extras)} from uid 10109 from pid 3048 callingPackage com.miui.home
06-11 23:31:40.079  8006  8132 D LS-ForegroundStatusManager: handleMessage ForegroundInfoChanged. pkg = com.android.todolist, uid = 10363, mCurrentForegroundUid = 10109
06-11 23:31:40.079  9895  9909 I GST     : forePkg: com.android.todolist, preForePkg: com.miui.home
06-11 23:31:40.079 30011 30025 I ProcessMonitor: onForegroundInfoChanged: ForegroundInfo{mForegroundPackageName='com.android.todolist', mForegroundUid=10363, mForegroundPid=15578, mLastForegroundPackageName='com.miui.home', mLastForegroundUid=10109, mLastForegroundPid=3048, mMultiWindowForegroundPackageName='com.android.todolist', mMultiWindowForegroundUid=10363, mFlags=0}
06-11 23:31:40.079  3048  4546 D AppObserver: ForegroundInfo{mForegroundPackageName='com.android.todolist', mForegroundUid=10363, mForegroundPid=15578, mLastForegroundPackageName='com.miui.home', mLastForegroundUid=10109, mLastForegroundPid=3048, mMultiWindowForegroundPackageName='com.android.todolist', mMultiWindowForegroundUid=10363, mFlags=0}
06-11 23:31:40.079 13965 18775 D AutoInstallService: onForegroundInfoChanged: com.android.todolist
06-11 23:31:40.080  8006  1964 D PerfEngineController: ForegroundInfo{mForegroundPackageName='com.android.todolist', mForegroundUid=10363, mForegroundPid=15578, mLastForegroundPackageName='com.miui.home', mLastForegroundUid=10109, mLastForegroundPid=3048, mMultiWindowForegroundPackageName='com.android.todolist', mMultiWindowForegroundUid=10363, mFlags=0}
06-11 23:31:40.120  3048  3048 D RecentsImpl: mActivityStateObserver com.android.todolist.MainActivity
06-11 23:31:40.121  3048  3048 W RecentsImpl: onResumed className=com.android.todolist.MainActivity   mIsInAnotherPro=false   isKeyguardLocked=false
06-11 23:31:40.125  1776  3301 D WindowManager: Input focus has changed to Window{de64380 u0 com.android.todolist/com.android.todolist.MainActivity} display=0 updateInputWindows = true
06-11 23:31:40.153  1776  4954 D WindowManager: finishDrawingLocked: mDrawState=COMMIT_DRAW_PENDING Window{de64380 u0 com.android.todolist/com.android.todolist.MainActivity} in Surface(name=com.android.todolist/com.android.todolist.MainActivity)/@0x4db6e62
06-11 23:31:40.158  1776  1976 W ziparchive: Unable to open '/data/app/~~DUJqc1-YdGQ_T6CQ9d5-Og==/com.android.todolist-rkh__HQk--T5EIC3UTHL-w==/base.dm': No such file or directory
06-11 23:31:40.179  3048  3397 W RecentsModel: getRunningTask   taskInfo=TaskInfo{userId=0 taskId=21397 displayId=0 isRunning=true baseIntent=Intent { act=android.intent.action.MAIN cat=[android.intent.category.LAUNCHER] flg=0x10200000 cmp=com.android.todolist/.MainActivity } baseActivity=ComponentInfo{com.android.todolist/com.android.todolist.MainActivity} topActivity=ComponentInfo{com.android.todolist/com.android.todolist.MainActivity} origActivity=null realActivity=ComponentInfo{com.android.todolist/com.android.todolist.MainActivity} numActivities=1 lastActiveTime=88259948 supportsSplitScreenMultiWindow=true supportsMultiWindow=true resizeMode=1 isResizeable=true token=WCT{android.window.IWindowContainerToken$Stub$Proxy@73c0ccb} topActivityType=1 pictureInPictureParams=PictureInPictureParams( aspectRatio=null sourceRectHint=null hasSetActions=false isAutoPipEnabled=false isSeamlessResizeEnabled=true) displayCutoutSafeInsets=Rect(0, 49 - 0, 0) topActivityInfo=ActivityInfo{797ca8 com.android.todolist.MainActivity} launchCookies=[] positionInParent=Point(0, 0) parentTaskId=-1 isFocused=true isVisible=true topActivityInSizeCompat=false locusId= null windowMode=0}
06-11 23:31:40.179  3048  3397 W RecentsModel: getTaskInfoIgnoreHomeAndFreeform   taskInfo=ComponentInfo{com.android.todolist/com.android.todolist.MainActivity}
06-11 23:31:40.180  4518  4518 I GoogleInputMethodService: GoogleInputMethodService.onStartInput():1917 onStartInput(EditorInfo{inputType=0x0(NULL) imeOptions=0x0 privateImeOptions=null actionName=UNSPECIFIED actionLabel=null actionId=0 initialSelStart=-1 initialSelEnd=-1 initialCapsMode=0x0 hintText=null label=null packageName=com.android.todolist fieldId=-1 fieldName=null extras=null hintLocales=[]}, false)
06-11 23:31:40.184  3048  3397 E ActivityManagerWrapper: getRecentTasks: taskId=21397   userId=0   baseIntent=Intent { act=android.intent.action.MAIN cat=[android.intent.category.LAUNCHER] flg=0x10200000 cmp=com.android.todolist/.MainActivity }
06-11 23:31:40.184  3048  3397 E ActivityManagerWrapper: getRecentTasks: taskId=21398   userId=0   baseIntent=Intent { act=android.settings.APPLICATION_DETAILS_SETTINGS dat=package:com.android.todolist flg=0x10008000 cmp=com.android.settings/.applications.InstalledAppDetails }
06-11 23:31:41.843  1776  2368 D MIUIInput: [MotionEvent] publisher action=0x0, 70721137, channel 'de64380 com.android.todolist/com.android.todolist.MainActivity (server)'
06-11 23:31:41.889  1776  2368 D MIUIInput: [MotionEvent] publisher action=0x1, 70721185, channel 'de64380 com.android.todolist/com.android.todolist.MainActivity (server)'
06-11 23:31:42.007  1776  3301 D WindowManager: Input focus has changed to Window{afdef79 u0 com.android.todolist/com.android.todolist.MainActivity} display=0 updateInputWindows = false
06-11 23:31:42.064  1776  4954 D WindowManager: finishDrawingLocked: mDrawState=COMMIT_DRAW_PENDING Window{afdef79 u0 com.android.todolist/com.android.todolist.MainActivity} in Surface(name=com.android.todolist/com.android.todolist.MainActivity)/@0x67b283b
06-11 23:31:42.098  4518  4518 I GoogleInputMethodService: GoogleInputMethodService.onStartInput():1917 onStartInput(EditorInfo{inputType=0x0(NULL) imeOptions=0x0 privateImeOptions=null actionName=UNSPECIFIED actionLabel=null actionId=0 initialSelStart=-1 initialSelEnd=-1 initialCapsMode=0x0 hintText=null label=null packageName=com.android.todolist fieldId=-1 fieldName=null extras=null hintLocales=[]}, false)
06-11 23:31:42.960  1776  2368 D MIUIInput: [MotionEvent] publisher action=0x0, 70722254, channel 'afdef79 com.android.todolist/com.android.todolist.MainActivity (server)'
06-11 23:31:43.008  1776  2368 D MIUIInput: [MotionEvent] publisher action=0x1, 70722303, channel 'afdef79 com.android.todolist/com.android.todolist.MainActivity (server)'
06-11 23:31:43.057  4518  4518 I GoogleInputMethodService: GoogleInputMethodService.onStartInput():1917 onStartInput(EditorInfo{inputType=0x61(PersonName) imeOptions=0x6 privateImeOptions=null actionName=DONE actionLabel=null actionId=0 initialSelStart=0 initialSelEnd=0 initialCapsMode=0x0 hintText=non-empty label=null packageName=com.android.todolist fieldId=2131230821 fieldName=null extras=null hintLocales=[]}, false)
06-11 23:31:43.123  4518  4518 I GoogleInputMethodService: GoogleInputMethodService.onStartInputView():2046 onStartInputView(EditorInfo{inputType=0x61(PersonName) imeOptions=0x6 privateImeOptions=null actionName=DONE actionLabel=null actionId=0 initialSelStart=0 initialSelEnd=0 initialCapsMode=0x0 hintText=non-empty label=null packageName=com.android.todolist fieldId=2131230821 fieldName=null extras=null hintLocales=[]}, false)
06-11 23:31:43.130  4518  4518 I AndroidIME: AbstractIme.onActivate():87 LatinIme.onActivate() : EditorInfo = inputType=0x61(PersonName) imeOptions=0x6 privateImeOptions=null actionName=DONE actionLabel=null actionId=0 initialSelStart=0 initialSelEnd=0 initialCapsMode=0x0 hintText=non-empty label=null packageName=com.android.todolist fieldId=2131230821 fieldName=null extras=null hintLocales=[], IncognitoMode = false, DeviceLocked = false
06-11 23:31:43.257  3263 21461 W tul     : Infinite Data has no result for com.android.todolist [CONTEXT service_id=177 ]
06-11 23:31:43.297  3263 23511 W tul     : Infinite Data has no result for com.android.todolist [CONTEXT service_id=177 ]
06-11 23:31:44.741  1776  2368 D MIUIInput: [MotionEvent] publisher action=0x0, 70724036, channel 'afdef79 com.android.todolist/com.android.todolist.MainActivity (server)'
06-11 23:31:44.806  1776  2368 D MIUIInput: [MotionEvent] publisher action=0x1, 70724101, channel 'afdef79 com.android.todolist/com.android.todolist.MainActivity (server)'
06-11 23:31:44.871  1776  3297 W InputManager-JNI: Input channel object 'afdef79 com.android.todolist/com.android.todolist.MainActivity (client)' was disposed without first being removed with the input manager!
06-11 23:31:44.876  1776  3297 D WindowManager: Input focus has changed to Window{de64380 u0 com.android.todolist/com.android.todolist.MainActivity} display=0 updateInputWindows = false
06-11 23:31:44.933  4518  4518 I GoogleInputMethodService: GoogleInputMethodService.onStartInput():1917 onStartInput(EditorInfo{inputType=0x0(NULL) imeOptions=0x0 privateImeOptions=null actionName=UNSPECIFIED actionLabel=null actionId=0 initialSelStart=-1 initialSelEnd=-1 initialCapsMode=0x0 hintText=null label=null packageName=com.android.todolist fieldId=-1 fieldName=null extras=null hintLocales=[]}, false)
06-11 23:32:14.809  2565 11113 D ImageWallpaper: Top packge name is com.android.todolist, home package name is com.miui.home
06-11 23:32:15.410  3048  3397 W RecentsModel: getRunningTask   taskInfo=TaskInfo{userId=0 taskId=21397 displayId=0 isRunning=true baseIntent=Intent { act=android.intent.action.MAIN cat=[android.intent.category.LAUNCHER] flg=0x10200000 cmp=com.android.todolist/.MainActivity } baseActivity=ComponentInfo{com.android.todolist/com.android.todolist.MainActivity} topActivity=ComponentInfo{com.android.todolist/com.android.todolist.MainActivity} origActivity=null realActivity=ComponentInfo{com.android.todolist/com.android.todolist.MainActivity} numActivities=1 lastActiveTime=88295176 supportsSplitScreenMultiWindow=true supportsMultiWindow=true resizeMode=1 isResizeable=true token=WCT{android.window.IWindowContainerToken$Stub$Proxy@9595fd8} topActivityType=1 pictureInPictureParams=null displayCutoutSafeInsets=Rect(0, 49 - 0, 0) topActivityInfo=ActivityInfo{f51cf31 com.android.todolist.MainActivity} launchCookies=[] positionInParent=Point(0, 0) parentTaskId=-1 isFocused=false isVisible=false topActivityInSizeCompat=false locusId= null windowMode=0}
06-11 23:32:15.410  3048  3397 W RecentsModel: getTaskInfoIgnoreHomeAndFreeform   taskInfo=ComponentInfo{com.android.todolist/com.android.todolist.MainActivity}
06-11 23:32:15.414  3048  3397 E ActivityManagerWrapper: getRecentTasks: taskId=21397   userId=0   baseIntent=Intent { act=android.intent.action.MAIN cat=[android.intent.category.LAUNCHER] flg=0x10200000 cmp=com.android.todolist/.MainActivity }
06-11 23:32:15.414  3048  3397 E ActivityManagerWrapper: getRecentTasks: taskId=21398   userId=0   baseIntent=Intent { act=android.settings.APPLICATION_DETAILS_SETTINGS dat=package:com.android.todolist flg=0x10008000 cmp=com.android.settings/.applications.InstalledAppDetails }
06-11 23:32:15.989  8006  8139 I ThermalInfoCollector: collectForgroundAppsInfo: com.android.todolist
06-11 23:33:16.984  1776  2369 I WindowManager: getCurrentTopActivityName >>> topActivityClassName = com.android.todolist.MainActivity
06-11 23:33:16.985  1776  2369 I WindowManager: getCurrentTopActivityName >>> topActivityClassName = com.android.todolist.MainActivity
06-11 23:33:17.084  1776  2450 I CameraBooster: skip camera boost for com.android.todolist
06-11 23:33:17.194  1776  2369 I WindowManager: getCurrentTopActivityName >>> topActivityClassName = com.android.todolist.MainActivity
